Archive member included to satisfy reference by file (symbol)

/usr/lib/gcc/arm-none-eabi/7.3.1/thumb/v6-m/libgcc.a(_dvmd_tls.o)
                              CMakeFiles/TrackCall.dir/home/pi/pico/pico-sdk/src/rp2_common/pico_divider/divider.S.obj (__aeabi_idiv0)
/usr/lib/gcc/arm-none-eabi/7.3.1/../../../arm-none-eabi/lib/thumb/v6-m/libg.a(lib_a-atexit.o)
                              /usr/lib/gcc/arm-none-eabi/7.3.1/../../../arm-none-eabi/lib/thumb/v6-m/crt0.o (atexit)
/usr/lib/gcc/arm-none-eabi/7.3.1/../../../arm-none-eabi/lib/thumb/v6-m/libg.a(lib_a-calloc.o)
                              CMakeFiles/TrackCall.dir/home/pi/pico/pico-sdk/src/rp2_common/pico_malloc/pico_malloc.c.obj (calloc)
/usr/lib/gcc/arm-none-eabi/7.3.1/../../../arm-none-eabi/lib/thumb/v6-m/libg.a(lib_a-callocr.o)
                              /usr/lib/gcc/arm-none-eabi/7.3.1/../../../arm-none-eabi/lib/thumb/v6-m/libg.a(lib_a-calloc.o) (_calloc_r)
/usr/lib/gcc/arm-none-eabi/7.3.1/../../../arm-none-eabi/lib/thumb/v6-m/libg.a(lib_a-fini.o)
                              /usr/lib/gcc/arm-none-eabi/7.3.1/../../../arm-none-eabi/lib/thumb/v6-m/crt0.o (__libc_fini_array)
/usr/lib/gcc/arm-none-eabi/7.3.1/../../../arm-none-eabi/lib/thumb/v6-m/libg.a(lib_a-impure.o)
                              /usr/lib/gcc/arm-none-eabi/7.3.1/../../../arm-none-eabi/lib/thumb/v6-m/libg.a(lib_a-calloc.o) (_impure_ptr)
/usr/lib/gcc/arm-none-eabi/7.3.1/../../../arm-none-eabi/lib/thumb/v6-m/libg.a(lib_a-init.o)
                              /usr/lib/gcc/arm-none-eabi/7.3.1/../../../arm-none-eabi/lib/thumb/v6-m/crt0.o (__libc_init_array)
/usr/lib/gcc/arm-none-eabi/7.3.1/../../../arm-none-eabi/lib/thumb/v6-m/libg.a(lib_a-malloc.o)
                              CMakeFiles/TrackCall.dir/home/pi/pico/pico-sdk/src/rp2_common/pico_malloc/pico_malloc.c.obj (malloc)
/usr/lib/gcc/arm-none-eabi/7.3.1/../../../arm-none-eabi/lib/thumb/v6-m/libg.a(lib_a-mallocr.o)
                              /usr/lib/gcc/arm-none-eabi/7.3.1/../../../arm-none-eabi/lib/thumb/v6-m/libg.a(lib_a-callocr.o) (_malloc_r)
/usr/lib/gcc/arm-none-eabi/7.3.1/../../../arm-none-eabi/lib/thumb/v6-m/libg.a(lib_a-mlock.o)
                              /usr/lib/gcc/arm-none-eabi/7.3.1/../../../arm-none-eabi/lib/thumb/v6-m/libg.a(lib_a-mallocr.o) (__malloc_lock)
/usr/lib/gcc/arm-none-eabi/7.3.1/../../../arm-none-eabi/lib/thumb/v6-m/libg.a(lib_a-realloc.o)
                              CMakeFiles/TrackCall.dir/home/pi/pico/pico-sdk/src/rp2_common/pico_malloc/pico_malloc.c.obj (realloc)
/usr/lib/gcc/arm-none-eabi/7.3.1/../../../arm-none-eabi/lib/thumb/v6-m/libg.a(lib_a-reallocr.o)
                              /usr/lib/gcc/arm-none-eabi/7.3.1/../../../arm-none-eabi/lib/thumb/v6-m/libg.a(lib_a-realloc.o) (_realloc_r)
/usr/lib/gcc/arm-none-eabi/7.3.1/../../../arm-none-eabi/lib/thumb/v6-m/libg.a(lib_a-sbrkr.o)
                              /usr/lib/gcc/arm-none-eabi/7.3.1/../../../arm-none-eabi/lib/thumb/v6-m/libg.a(lib_a-mallocr.o) (_sbrk_r)
/usr/lib/gcc/arm-none-eabi/7.3.1/../../../arm-none-eabi/lib/thumb/v6-m/libg.a(lib_a-strlen-stub.o)
                              CMakeFiles/TrackCall.dir/home/pi/pico/pico-sdk/src/rp2_common/pico_stdio/stdio.c.obj (strlen)
/usr/lib/gcc/arm-none-eabi/7.3.1/../../../arm-none-eabi/lib/thumb/v6-m/libg.a(lib_a-__atexit.o)
                              /usr/lib/gcc/arm-none-eabi/7.3.1/../../../arm-none-eabi/lib/thumb/v6-m/libg.a(lib_a-atexit.o) (__register_exitproc)
/usr/lib/gcc/arm-none-eabi/7.3.1/../../../arm-none-eabi/lib/thumb/v6-m/libg.a(lib_a-freer.o)
                              /usr/lib/gcc/arm-none-eabi/7.3.1/../../../arm-none-eabi/lib/thumb/v6-m/libg.a(lib_a-malloc.o) (_free_r)
/usr/lib/gcc/arm-none-eabi/7.3.1/../../../arm-none-eabi/lib/thumb/v6-m/libg.a(lib_a-memmove.o)
                              /usr/lib/gcc/arm-none-eabi/7.3.1/../../../arm-none-eabi/lib/thumb/v6-m/libg.a(lib_a-reallocr.o) (memmove)
/usr/lib/gcc/arm-none-eabi/7.3.1/../../../arm-none-eabi/lib/thumb/v6-m/libg.a(lib_a-reent.o)
                              /usr/lib/gcc/arm-none-eabi/7.3.1/../../../arm-none-eabi/lib/thumb/v6-m/libg.a(lib_a-sbrkr.o) (errno)

Allocating common symbols
Common symbol       size              file

sf_table            0x100             CMakeFiles/TrackCall.dir/home/pi/pico/pico-sdk/src/rp2_common/pico_float/float_init_rom.c.obj
errno               0x4               /usr/lib/gcc/arm-none-eabi/7.3.1/../../../arm-none-eabi/lib/thumb/v6-m/libg.a(lib_a-reent.o)
sd_table            0x100             CMakeFiles/TrackCall.dir/home/pi/pico/pico-sdk/src/rp2_common/pico_double/double_init_rom.c.obj
uart_char_to_line_feed
                    0x4               CMakeFiles/TrackCall.dir/home/pi/pico/pico-sdk/src/rp2_common/hardware_uart/uart.c.obj

Discarded input sections

 .text          0x00000000        0x0 /usr/lib/gcc/arm-none-eabi/7.3.1/thumb/v6-m/crti.o
 .data          0x00000000        0x0 /usr/lib/gcc/arm-none-eabi/7.3.1/thumb/v6-m/crti.o
[...]
Memory Configuration

Name             Origin             Length             Attributes
FLASH            0x10000000         0x00200000         xr
RAM              0x20000000         0x00040000         xrw
SCRATCH_X        0x20040000         0x00001000         xrw
SCRATCH_Y        0x20041000         0x00001000         xrw
*default*        0x00000000         0xffffffff

Linker script and memory map

LOAD /usr/lib/gcc/arm-none-eabi/7.3.1/thumb/v6-m/crti.o
LOAD /usr/lib/gcc/arm-none-eabi/7.3.1/thumb/v6-m/crtbegin.o
LOAD /usr/lib/gcc/arm-none-eabi/7.3.1/../../../arm-none-eabi/lib/thumb/v6-m/crt0.o

.flash_begin    0x10000000        0x0
                0x10000000                __flash_binary_start = .

.boot2          0x10000000      0x100
                0x10000000                __boot2_start__ = .
 *(.boot2)
 .boot2         0x10000000      0x100 /tmp/ccq7wOvI.o
                0x10000100                __boot2_end__ = .
                0x00000001                ASSERT (((__boot2_end__ - __boot2_start__) == 0x100), ERROR: Pico second stage bootloader must be 256 bytes in size)

.text           0x10000100     0x3ef8
                0x10000100                __logical_binary_start = .
 *(.vectors)
 .vectors       0x10000100       0xd4 CMakeFiles/TrackCall.dir/home/pi/pico/pico-sdk/src/rp2_common/pico_standard_link/crt0.S.obj
                0x10000100                __vectors
                0x10000100                __VECTOR_TABLE
                0x100001c0                isr_invalid
                0x100001c0                __default_isrs_start
                0x100001c2                isr_nmi
                0x100001c4                isr_hardfault
                0x100001c6                isr_svcall
                0x100001c8                isr_pendsv
                0x100001ca                isr_systick
                0x100001cc                isr_irq30
                0x100001cc                __unhandled_user_irq
                0x100001cc                isr_irq13
                0x100001cc                isr_irq27
                0x100001cc                isr_irq31
                0x100001cc                isr_irq5
                0x100001cc                isr_irq11
                0x100001cc                isr_irq23
                0x100001cc                isr_irq18
                0x100001cc                isr_irq28
                0x100001cc                isr_irq19
                0x100001cc                isr_irq0
                0x100001cc                isr_irq6
                0x100001cc                isr_irq22
                0x100001cc                isr_irq17
                0x100001cc                isr_irq14
                0x100001cc                isr_irq2
                0x100001cc                isr_irq10
                0x100001cc                isr_irq8
                0x100001cc                isr_irq24
                0x100001cc                isr_irq1
                0x100001cc                isr_irq7
                0x100001cc                isr_irq21
                0x100001cc                isr_irq20
                0x100001cc                isr_irq15
                0x100001cc                isr_irq25
                0x100001cc                isr_irq4
                0x100001cc                isr_irq16
                0x100001cc                isr_irq29
                0x100001cc                isr_irq26
                0x100001cc                __default_isrs_end
                0x100001cc                isr_irq3
                0x100001cc                isr_irq12
                0x100001cc                isr_irq9
                0x100001d2                unhandled_user_irq_num_in_r0
 *(.binary_info_header)
 .binary_info_header
                0x100001d4       0x14 CMakeFiles/TrackCall.dir/home/pi/pico/pico-sdk/src/rp2_common/pico_standard_link/crt0.S.obj
                0x100001e8                __binary_info_header_end = .
 *(.reset)
 .reset         0x100001e8       0xa8 CMakeFiles/TrackCall.dir/home/pi/pico/pico-sdk/src/rp2_common/pico_standard_link/crt0.S.obj
                0x100001e8                _entry_point
                0x10000266                __get_current_exception
 .reset         0x10000290       0x30 CMakeFiles/TrackCall.dir/home/pi/pico/pico-sdk/src/rp2_common/pico_standard_link/binary_info.c.obj
 *(.init)
 .init          0x100002c0        0x4 /usr/lib/gcc/arm-none-eabi/7.3.1/thumb/v6-m/crti.o
                0x100002c0                _init
 *(EXCLUDE_FILE(*libm.a: *libc.a:*lib_a-mem*.o *libgcc.a:) .text*)
 .text          0x100002c4       0x98 /usr/lib/gcc/arm-none-eabi/7.3.1/thumb/v6-m/crtbegin.o
 .text.main     0x1000035c       0x14 CMakeFiles/TrackCall.dir/TrackCall.c.obj
                0x1000035c                main
 .text.gpio_set_function
                0x10000370       0x30 CMakeFiles/TrackCall.dir/home/pi/pico/pico-sdk/src/rp2_common/hardware_gpio/gpio.c.obj
                0x10000370                gpio_set_function
 .text.hw_claim_lock
                0x100003a0       0x18 CMakeFiles/TrackCall.dir/home/pi/pico/pico-sdk/src/rp2_common/hardware_claim/claim.c.obj
                0x100003a0                hw_claim_lock
 .text.hw_claim_unlock
                0x100003b8       0x14 CMakeFiles/TrackCall.dir/home/pi/pico/pico-sdk/src/rp2_common/hardware_claim/claim.c.obj
                0x100003b8                hw_claim_unlock
 .text.hw_claim_or_assert
                0x100003cc       0x32 CMakeFiles/TrackCall.dir/home/pi/pico/pico-sdk/src/rp2_common/hardware_claim/claim.c.obj
                0x100003cc                hw_claim_or_assert
 *fill*         0x100003fe        0x2 
 .text.running_on_fpga
                0x10000400       0x14 CMakeFiles/TrackCall.dir/home/pi/pico/pico-sdk/src/rp2_common/pico_platform/platform.c.obj
                0x10000400                running_on_fpga
 .text.spin_locks_reset
                0x10000414       0x20 CMakeFiles/TrackCall.dir/home/pi/pico/pico-sdk/src/rp2_common/hardware_sync/sync.c.obj
                0x10000414                spin_locks_reset
 .text.next_striped_spin_lock_num
                0x10000434       0x1c CMakeFiles/TrackCall.dir/home/pi/pico/pico-sdk/src/rp2_common/hardware_sync/sync.c.obj
                0x10000434                next_striped_spin_lock_num
 .text.set_raw_irq_handler_and_unlock
                0x10000450       0x28 CMakeFiles/TrackCall.dir/home/pi/pico/pico-sdk/src/rp2_common/hardware_irq/irq.c.obj
 .text.make_branch
                0x10000478       0x48 CMakeFiles/TrackCall.dir/home/pi/pico/pico-sdk/src/rp2_common/hardware_irq/irq.c.obj
 .text.insert_branch_and_link
                0x100004c0       0x40 CMakeFiles/TrackCall.dir/home/pi/pico/pico-sdk/src/rp2_common/hardware_irq/irq.c.obj
 .text.irq_is_enabled
                0x10000500       0x18 CMakeFiles/TrackCall.dir/home/pi/pico/pico-sdk/src/rp2_common/hardware_irq/irq.c.obj
                0x10000500                irq_is_enabled
 .text.irq_set_mask_enabled
                0x10000518       0x20 CMakeFiles/TrackCall.dir/home/pi/pico/pico-sdk/src/rp2_common/hardware_irq/irq.c.obj
                0x10000518                irq_set_mask_enabled
 .text.irq_set_enabled
                0x10000538        0xe CMakeFiles/TrackCall.dir/home/pi/pico/pico-sdk/src/rp2_common/hardware_irq/irq.c.obj
                0x10000538                irq_set_enabled
 *fill*         0x10000546        0x2 
 .text.irq_get_vtable_handler
                0x10000548       0x10 CMakeFiles/TrackCall.dir/home/pi/pico/pico-sdk/src/rp2_common/hardware_irq/irq.c.obj
                0x10000548                irq_get_vtable_handler
 .text.irq_set_exclusive_handler
                0x10000558       0x54 CMakeFiles/TrackCall.dir/home/pi/pico/pico-sdk/src/rp2_common/hardware_irq/irq.c.obj
                0x10000558                irq_set_exclusive_handler
 .text.irq_remove_handler
                0x100005ac      0x1ac CMakeFiles/TrackCall.dir/home/pi/pico/pico-sdk/src/rp2_common/hardware_irq/irq.c.obj
                0x100005ac                irq_remove_handler
 .text.irq_add_tail_to_free_list
                0x10000758       0xf0 CMakeFiles/TrackCall.dir/home/pi/pico/pico-sdk/src/rp2_common/hardware_irq/irq.c.obj
                0x10000758                irq_add_tail_to_free_list
 .text.irq_init_priorities
                0x10000848       0x1c CMakeFiles/TrackCall.dir/home/pi/pico/pico-sdk/src/rp2_common/hardware_irq/irq.c.obj
                0x10000848                irq_init_priorities
 .text.lock_init
                0x10000864       0x10 CMakeFiles/TrackCall.dir/home/pi/pico/pico-sdk/src/common/pico_sync/lock_core.c.obj
                0x10000864                lock_init
 .text.alarm_pool_post_alloc_init
                0x10000874       0x40 CMakeFiles/TrackCall.dir/home/pi/pico/pico-sdk/src/common/pico_time/time.c.obj
 .text.timer_pool_entry_comparator
                0x100008b4       0x7c CMakeFiles/TrackCall.dir/home/pi/pico/pico-sdk/src/common/pico_time/time.c.obj
                0x100008b4                timer_pool_entry_comparator
 .text.ph_add_child_node
                0x10000930       0xa4 CMakeFiles/TrackCall.dir/home/pi/pico/pico-sdk/src/common/pico_time/time.c.obj
 .text.ph_merge_nodes
                0x100009d4       0x3a CMakeFiles/TrackCall.dir/home/pi/pico/pico-sdk/src/common/pico_time/time.c.obj
 *fill*         0x10000a0e        0x2 
 .text.add_alarm_under_lock
                0x10000a10      0x180 CMakeFiles/TrackCall.dir/home/pi/pico/pico-sdk/src/common/pico_time/time.c.obj
 .text.alarm_pool_alarm_callback
                0x10000b90      0x344 CMakeFiles/TrackCall.dir/home/pi/pico/pico-sdk/src/common/pico_time/time.c.obj
 .text.alarm_pool_init_default
                0x10000ed4       0x38 CMakeFiles/TrackCall.dir/home/pi/pico/pico-sdk/src/common/pico_time/time.c.obj
                0x10000ed4                alarm_pool_init_default
 .text.hardware_alarm_irq_handler
                0x10000f0c       0x8c CMakeFiles/TrackCall.dir/home/pi/pico/pico-sdk/src/rp2_common/hardware_timer/timer.c.obj
 .text.hardware_alarm_claim
                0x10000f98       0x18 CMakeFiles/TrackCall.dir/home/pi/pico/pico-sdk/src/rp2_common/hardware_timer/timer.c.obj
                0x10000f98                hardware_alarm_claim
 .text.time_us_64
                0x10000fb0       0x18 CMakeFiles/TrackCall.dir/home/pi/pico/pico-sdk/src/rp2_common/hardware_timer/timer.c.obj
                0x10000fb0                time_us_64
 .text.hardware_alarm_set_callback
                0x10000fc8       0x90 CMakeFiles/TrackCall.dir/home/pi/pico/pico-sdk/src/rp2_common/hardware_timer/timer.c.obj
                0x10000fc8                hardware_alarm_set_callback
 .text.hardware_alarm_set_target
                0x10001058       0xe8 CMakeFiles/TrackCall.dir/home/pi/pico/pico-sdk/src/rp2_common/hardware_timer/timer.c.obj
                0x10001058                hardware_alarm_set_target
 .text.hardware_alarm_cancel
                0x10001140       0x40 CMakeFiles/TrackCall.dir/home/pi/pico/pico-sdk/src/rp2_common/hardware_timer/timer.c.obj
                0x10001140                hardware_alarm_cancel
 .text.ph_add_child_node
                0x10001180       0xa4 CMakeFiles/TrackCall.dir/home/pi/pico/pico-sdk/src/common/pico_util/pheap.c.obj
 .text.ph_merge_nodes
                0x10001224       0x3a CMakeFiles/TrackCall.dir/home/pi/pico/pico-sdk/src/common/pico_util/pheap.c.obj
 *fill*         0x1000125e        0x2 
 .text.ph_clear
                0x10001260       0x70 CMakeFiles/TrackCall.dir/home/pi/pico/pico-sdk/src/common/pico_util/pheap.c.obj
                0x10001260                ph_clear
 .text.ph_post_alloc_init
                0x100012d0        0xe CMakeFiles/TrackCall.dir/home/pi/pico/pico-sdk/src/common/pico_util/pheap.c.obj
                0x100012d0                ph_post_alloc_init
 *fill*         0x100012de        0x2 
 .text.ph_merge_two_pass
                0x100012e0       0xac CMakeFiles/TrackCall.dir/home/pi/pico/pico-sdk/src/common/pico_util/pheap.c.obj
                0x100012e0                ph_merge_two_pass
 .text.ph_remove_any_head
                0x1000138c      0x108 CMakeFiles/TrackCall.dir/home/pi/pico/pico-sdk/src/common/pico_util/pheap.c.obj
 .text.ph_remove_head
                0x10001494       0x14 CMakeFiles/TrackCall.dir/home/pi/pico/pico-sdk/src/common/pico_util/pheap.c.obj
                0x10001494                ph_remove_head
 .text.ph_remove_and_free_node
                0x100014a8       0xf8 CMakeFiles/TrackCall.dir/home/pi/pico/pico-sdk/src/common/pico_util/pheap.c.obj
                0x100014a8                ph_remove_and_free_node
 .text.mutex_init
                0x100015a0       0x1a CMakeFiles/TrackCall.dir/home/pi/pico/pico-sdk/src/common/pico_sync/mutex.c.obj
                0x100015a0                mutex_init
 .text.recursive_mutex_init
                0x100015ba       0x1e CMakeFiles/TrackCall.dir/home/pi/pico/pico-sdk/src/common/pico_sync/mutex.c.obj
                0x100015ba                recursive_mutex_init
 .text.uart_set_baudrate
                0x100015d8       0x5c CMakeFiles/TrackCall.dir/home/pi/pico/pico-sdk/src/rp2_common/hardware_uart/uart.c.obj
                0x100015d8                uart_set_baudrate
 .text.uart_set_translate_crlf
                0x10001634       0x28 CMakeFiles/TrackCall.dir/home/pi/pico/pico-sdk/src/rp2_common/hardware_uart/uart.c.obj
                0x10001634                uart_set_translate_crlf
 .text.uart_init
                0x1000165c       0x84 CMakeFiles/TrackCall.dir/home/pi/pico/pico-sdk/src/rp2_common/hardware_uart/uart.c.obj
                0x1000165c                uart_init
 .text._exit    0x100016e0        0x4 CMakeFiles/TrackCall.dir/home/pi/pico/pico-sdk/src/rp2_common/pico_runtime/runtime.c.obj
                0x100016e0                _exit
 .text.exit     0x100016e4        0x6 CMakeFiles/TrackCall.dir/home/pi/pico/pico-sdk/src/rp2_common/pico_runtime/runtime.c.obj
                0x100016e4                exit
 *fill*         0x100016ea        0x2 
 .text.__assert_func
                0x100016ec       0x3c CMakeFiles/TrackCall.dir/home/pi/pico/pico-sdk/src/rp2_common/pico_runtime/runtime.c.obj
                0x100016ec                __assert_func
 .text.runtime_init
                0x10001728       0xf8 CMakeFiles/TrackCall.dir/home/pi/pico/pico-sdk/src/rp2_common/pico_runtime/runtime.c.obj
                0x10001728                runtime_init
 .text.panic    0x10001820       0x30 CMakeFiles/TrackCall.dir/home/pi/pico/pico-sdk/src/rp2_common/pico_runtime/runtime.c.obj
                0x10001820                panic
 .text.clock_configure
                0x10001850       0xfc CMakeFiles/TrackCall.dir/home/pi/pico/pico-sdk/src/rp2_common/hardware_clocks/clocks.c.obj
                0x10001850                clock_configure
 .text.clocks_init
                0x1000194c      0x100 CMakeFiles/TrackCall.dir/home/pi/pico/pico-sdk/src/rp2_common/hardware_clocks/clocks.c.obj
                0x1000194c                clocks_init
 .text.clock_get_hz
                0x10001a4c        0xc CMakeFiles/TrackCall.dir/home/pi/pico/pico-sdk/src/rp2_common/hardware_clocks/clocks.c.obj
                0x10001a4c                clock_get_hz
 .text.pll_init
                0x10001a58      0x140 CMakeFiles/TrackCall.dir/home/pi/pico/pico-sdk/src/rp2_common/hardware_pll/pll.c.obj
                0x10001a58                pll_init
 .text.watchdog_start_tick
                0x10001b98       0x10 CMakeFiles/TrackCall.dir/home/pi/pico/pico-sdk/src/rp2_common/hardware_watchdog/watchdog.c.obj
                0x10001b98                watchdog_start_tick
 .text.xosc_init
                0x10001ba8       0x28 CMakeFiles/TrackCall.dir/home/pi/pico/pico-sdk/src/rp2_common/hardware_xosc/xosc.c.obj
                0x10001ba8                xosc_init
 .text._out_null
                0x10001bd0        0x2 CMakeFiles/TrackCall.dir/home/pi/pico/pico-sdk/src/rp2_common/pico_printf/printf.c.obj
 .text._out_fct
                0x10001bd2        0xe CMakeFiles/TrackCall.dir/home/pi/pico/pico-sdk/src/rp2_common/pico_printf/printf.c.obj
 .text._atoi    0x10001be0       0x24 CMakeFiles/TrackCall.dir/home/pi/pico/pico-sdk/src/rp2_common/pico_printf/printf.c.obj
 .text._out_rev
                0x10001c04       0x8c CMakeFiles/TrackCall.dir/home/pi/pico/pico-sdk/src/rp2_common/pico_printf/printf.c.obj
 .text._ntoa_format
                0x10001c90      0x112 CMakeFiles/TrackCall.dir/home/pi/pico/pico-sdk/src/rp2_common/pico_printf/printf.c.obj
 .text._ntoa_long
                0x10001da2       0x9e CMakeFiles/TrackCall.dir/home/pi/pico/pico-sdk/src/rp2_common/pico_printf/printf.c.obj
 .text._ntoa_long_long
                0x10001e40       0xe2 CMakeFiles/TrackCall.dir/home/pi/pico/pico-sdk/src/rp2_common/pico_printf/printf.c.obj
 *fill*         0x10001f22        0x2 
 .text._etoa    0x10001f24      0x424 CMakeFiles/TrackCall.dir/home/pi/pico/pico-sdk/src/rp2_common/pico_printf/printf.c.obj
 .text._ftoa    0x10002348      0x340 CMakeFiles/TrackCall.dir/home/pi/pico/pico-sdk/src/rp2_common/pico_printf/printf.c.obj
 .text._vsnprintf
                0x10002688      0x640 CMakeFiles/TrackCall.dir/home/pi/pico/pico-sdk/src/rp2_common/pico_printf/printf.c.obj
 .text.vfctprintf
                0x10002cc8       0x20 CMakeFiles/TrackCall.dir/home/pi/pico/pico-sdk/src/rp2_common/pico_printf/printf.c.obj
                0x10002cc8                vfctprintf
 .text          0x10002ce8       0x10 CMakeFiles/TrackCall.dir/home/pi/pico/pico-sdk/src/rp2_common/pico_bit_ops/bit_ops_aeabi.S.obj
 .text.rom_func_lookup
                0x10002cf8       0x10 CMakeFiles/TrackCall.dir/home/pi/pico/pico-sdk/src/rp2_common/pico_bootrom/bootrom.c.obj
                0x10002cf8                rom_func_lookup
 .text.rom_data_lookup
                0x10002d08       0x10 CMakeFiles/TrackCall.dir/home/pi/pico/pico-sdk/src/rp2_common/pico_bootrom/bootrom.c.obj
                0x10002d08                rom_data_lookup
 .text.rom_funcs_lookup
                0x10002d18       0x36 CMakeFiles/TrackCall.dir/home/pi/pico/pico-sdk/src/rp2_common/pico_bootrom/bootrom.c.obj
                0x10002d18                rom_funcs_lookup
 *fill*         0x10002d4e        0x2 
 .text.__wrap___aeabi_idiv
                0x10002d50       0x50 CMakeFiles/TrackCall.dir/home/pi/pico/pico-sdk/src/rp2_common/pico_divider/divider.S.obj
                0x10002d50                __wrap___aeabi_idivmod
                0x10002d50                divmod_s32s32
                0x10002d50                div_s32s32
                0x10002d50                __wrap___aeabi_idiv
                0x10002d58                divmod_s32s32_unsafe
                0x10002d84                divmod_s32s32_savestate
 .text.__wrap___aeabi_uidiv
                0x10002da0       0x4c CMakeFiles/TrackCall.dir/home/pi/pico/pico-sdk/src/rp2_common/pico_divider/divider.S.obj
                0x10002da0                __wrap___aeabi_uidiv
                0x10002da0                __wrap___aeabi_uidivmod
                0x10002da0                div_u32u32
                0x10002da0                divmod_u32u32
                0x10002da8                divmod_u32u32_unsafe
                0x10002dd0                divmod_u32u32_savestate
 .text.__wrap___aeabi_ldiv
                0x10002dec      0x434 CMakeFiles/TrackCall.dir/home/pi/pico/pico-sdk/src/rp2_common/pico_divider/divider.S.obj
                0x10002dec                div_s64s64
                0x10002dec                divmod_s64s64
                0x10002dec                __wrap___aeabi_ldivmod
                0x10002e24                div_u64u64
                0x10002e24                divmod_u64u64
                0x10002e24                __wrap___aeabi_uldivmod
                0x10002e34                divmod_u64u64_savestate
                0x10002e5c                divmod_s64s64_unsafe
                0x10002ee4                divmod_u64u64_unsafe
 .text.__wrap___aeabi_darithmetic
                0x10003220       0x80 CMakeFiles/TrackCall.dir/home/pi/pico/pico-sdk/src/rp2_common/pico_double/double_aeabi.S.obj
                0x10003220                __wrap___aeabi_drsub
                0x10003226                __wrap___aeabi_dsub
                0x10003238                __wrap___aeabi_dadd
                0x1000324a                __wrap___aeabi_ddiv
                0x10003286                __wrap___aeabi_dmul
 .text.__wrap___aeabi_cdcmple
                0x100032a0       0x6c CMakeFiles/TrackCall.dir/home/pi/pico/pico-sdk/src/rp2_common/pico_double/double_aeabi.S.obj
                0x100032a0                __wrap___aeabi_cdrcmple
                0x100032b0                __wrap___aeabi_cdcmple
                0x100032b0                __wrap___aeabi_cdcmpeq
 .text.__wrap___aeabi_dcmplt
                0x1000330c        0xc CMakeFiles/TrackCall.dir/home/pi/pico/pico-sdk/src/rp2_common/pico_double/double_aeabi.S.obj
                0x1000330c                __wrap___aeabi_dcmplt
 .text.__wrap___aeabi_dcmple
                0x10003318       0x10 CMakeFiles/TrackCall.dir/home/pi/pico/pico-sdk/src/rp2_common/pico_double/double_aeabi.S.obj
                0x10003318                __wrap___aeabi_dcmple
 .text.__wrap___aeabi_dcmpge
                0x10003328       0x10 CMakeFiles/TrackCall.dir/home/pi/pico/pico-sdk/src/rp2_common/pico_double/double_aeabi.S.obj
                0x10003328                __wrap___aeabi_dcmpge
 .text.__wrap___aeabi_dcmpgt
                0x10003338        0xa CMakeFiles/TrackCall.dir/home/pi/pico/pico-sdk/src/rp2_common/pico_double/double_aeabi.S.obj
                0x10003338                __wrap___aeabi_dcmpgt
 .text.__wrap___aeabi_dcmpun
                0x10003342       0x1c CMakeFiles/TrackCall.dir/home/pi/pico/pico-sdk/src/rp2_common/pico_double/double_aeabi.S.obj
                0x10003342                __wrap___aeabi_dcmpun
 *fill*         0x1000335e        0x2 
 .text.__wrap___aeabi_i2d
                0x10003360       0x38 CMakeFiles/TrackCall.dir/home/pi/pico/pico-sdk/src/rp2_common/pico_double/double_aeabi.S.obj
                0x10003360                __wrap___aeabi_ui2d
                0x10003368                __wrap___aeabi_i2d
 .text.__wrap___aeabi_d2iz
                0x10003398       0x48 CMakeFiles/TrackCall.dir/home/pi/pico/pico-sdk/src/rp2_common/pico_double/double_aeabi.S.obj
                0x10003398                __wrap___aeabi_d2iz
                0x10003398                double2int_z
 .text.__wrap___aeabi_d2uiz
                0x100033e0       0x18 CMakeFiles/TrackCall.dir/home/pi/pico/pico-sdk/src/rp2_common/pico_double/double_aeabi.S.obj
                0x100033e0                double2uint
                0x100033e0                __wrap___aeabi_d2uiz
 .text.__aeabi_double_init
                0x100033f8       0xc8 CMakeFiles/TrackCall.dir/home/pi/pico/pico-sdk/src/rp2_common/pico_double/double_init_rom.c.obj
                0x100033f8                __aeabi_double_init
 .text.double_table_shim_on_use_helper
                0x100034c0       0x34 CMakeFiles/TrackCall.dir/home/pi/pico/pico-sdk/src/rp2_common/pico_double/double_v1_rom_shim.S.obj
                0x100034c0                double_table_shim_on_use_helper
 .text.__wrap___aeabi_dsub
                0x100034f4       0x10 CMakeFiles/TrackCall.dir/home/pi/pico/pico-sdk/src/rp2_common/pico_double/double_v1_rom_shim.S.obj
                0x100034f4                drsub_shim
                0x100034fa                dsub_shim
 .text.dadd_shim
                0x10003504      0x15c CMakeFiles/TrackCall.dir/home/pi/pico/pico-sdk/src/rp2_common/pico_double/double_v1_rom_shim.S.obj
                0x10003504                dadd_shim
 .text.dmul_shim
                0x10003660      0x15c CMakeFiles/TrackCall.dir/home/pi/pico/pico-sdk/src/rp2_common/pico_double/double_v1_rom_shim.S.obj
                0x10003660                dmul_shim
 .text.ddiv_shim
                0x100037bc      0x1b0 CMakeFiles/TrackCall.dir/home/pi/pico/pico-sdk/src/rp2_common/pico_double/double_v1_rom_shim.S.obj
                0x100037bc                ddiv_shim
 .text.double2uint_shim
                0x1000396c        0xe CMakeFiles/TrackCall.dir/home/pi/pico/pico-sdk/src/rp2_common/pico_double/double_v1_rom_shim.S.obj
                0x1000396c                double2uint_shim
                0x1000396e                double2ufix_shim
 *fill*         0x1000397a        0x2 
 .text.double2uint64_shim
                0x1000397c       0x70 CMakeFiles/TrackCall.dir/home/pi/pico/pico-sdk/src/rp2_common/pico_double/double_v1_rom_shim.S.obj
                0x1000397c                double2uint64_shim
                0x1000397e                double2ufix64_shim
                0x1000399e                d2fix_a
 .text.dunpacks
                0x100039ec       0x3c CMakeFiles/TrackCall.dir/home/pi/pico/pico-sdk/src/rp2_common/pico_double/double_v1_rom_shim.S.obj
                0x100039ec                dunpacks
 .text.__aeabi_float_init
                0x10003a28       0xfc CMakeFiles/TrackCall.dir/home/pi/pico/pico-sdk/src/rp2_common/pico_float/float_init_rom.c.obj
                0x10003a28                __aeabi_float_init
 .text.float_table_shim_on_use_helper
                0x10003b24       0x34 CMakeFiles/TrackCall.dir/home/pi/pico/pico-sdk/src/rp2_common/pico_float/float_v1_rom_shim.S.obj
                0x10003b24                float_table_shim_on_use_helper
 .text          0x10003b58       0x10 CMakeFiles/TrackCall.dir/home/pi/pico/pico-sdk/src/rp2_common/pico_mem_ops/mem_ops_aeabi.S.obj
                0x10003b58                __aeabi_mem_init
 .text.memset   0x10003b68        0xc CMakeFiles/TrackCall.dir/home/pi/pico/pico-sdk/src/rp2_common/pico_mem_ops/mem_ops_aeabi.S.obj
                0x10003b68                __wrap_memset
 .text.memcpy   0x10003b74        0xc CMakeFiles/TrackCall.dir/home/pi/pico/pico-sdk/src/rp2_common/pico_mem_ops/mem_ops_aeabi.S.obj
                0x10003b74                __wrap___aeabi_memcpy
                0x10003b74                __wrap_memcpy
 .text.stdio_out_chars_no_crlf
                0x10003b80        0xe CMakeFiles/TrackCall.dir/home/pi/pico/pico-sdk/src/rp2_common/pico_stdio/stdio.c.obj
 *fill*         0x10003b8e        0x2 
 .text.stdio_out_chars_crlf
                0x10003b90       0x80 CMakeFiles/TrackCall.dir/home/pi/pico/pico-sdk/src/rp2_common/pico_stdio/stdio.c.obj
 .text.stdio_stack_buffer_flush
                0x10003c10       0x44 CMakeFiles/TrackCall.dir/home/pi/pico/pico-sdk/src/rp2_common/pico_stdio/stdio.c.obj
 .text.stdio_buffered_printer
                0x10003c54       0x20 CMakeFiles/TrackCall.dir/home/pi/pico/pico-sdk/src/rp2_common/pico_stdio/stdio.c.obj
 .text.stdout_serialize_begin
                0x10003c74       0x30 CMakeFiles/TrackCall.dir/home/pi/pico/pico-sdk/src/rp2_common/pico_stdio/stdio.c.obj
                0x10003c74                stdout_serialize_begin
 .text.stdout_serialize_end
                0x10003ca4       0x10 CMakeFiles/TrackCall.dir/home/pi/pico/pico-sdk/src/rp2_common/pico_stdio/stdio.c.obj
                0x10003ca4                stdout_serialize_end
 .text.stdio_put_string
                0x10003cb4       0x94 CMakeFiles/TrackCall.dir/home/pi/pico/pico-sdk/src/rp2_common/pico_stdio/stdio.c.obj
 .text.stdio_set_driver_enabled
                0x10003d48       0x2c CMakeFiles/TrackCall.dir/home/pi/pico/pico-sdk/src/rp2_common/pico_stdio/stdio.c.obj
                0x10003d48                stdio_set_driver_enabled
 .text.stdio_flush
                0x10003d74       0x20 CMakeFiles/TrackCall.dir/home/pi/pico/pico-sdk/src/rp2_common/pico_stdio/stdio.c.obj
                0x10003d74                stdio_flush
 .text.__wrap_puts
                0x10003d94       0x1e CMakeFiles/TrackCall.dir/home/pi/pico/pico-sdk/src/rp2_common/pico_stdio/stdio.c.obj
                0x10003d94                __wrap_puts
 *fill*         0x10003db2        0x2 
 .text.__wrap_vprintf
                0x10003db4       0x44 CMakeFiles/TrackCall.dir/home/pi/pico/pico-sdk/src/rp2_common/pico_stdio/stdio.c.obj
                0x10003db4                __wrap_vprintf
 .text.__wrap_printf
                0x10003df8       0x18 CMakeFiles/TrackCall.dir/home/pi/pico/pico-sdk/src/rp2_common/pico_stdio/stdio.c.obj
                0x10003df8                __wrap_printf
 .text.stdio_init_all
                0x10003e10        0x8 CMakeFiles/TrackCall.dir/home/pi/pico/pico-sdk/src/rp2_common/pico_stdio/stdio.c.obj
                0x10003e10                stdio_init_all
 .text.stdio_uart_out_chars
                0x10003e18       0x70 CMakeFiles/TrackCall.dir/home/pi/pico/pico-sdk/src/rp2_common/pico_stdio_uart/stdio_uart.c.obj
 .text.stdio_uart_in_chars
                0x10003e88       0x50 CMakeFiles/TrackCall.dir/home/pi/pico/pico-sdk/src/rp2_common/pico_stdio_uart/stdio_uart.c.obj
                0x10003e88                stdio_uart_in_chars
 .text.stdio_uart_init_full
                0x10003ed8       0x3c CMakeFiles/TrackCall.dir/home/pi/pico/pico-sdk/src/rp2_common/pico_stdio_uart/stdio_uart.c.obj
                0x10003ed8                stdio_uart_init_full
 .text.stdio_uart_init
                0x10003f14       0x28 CMakeFiles/TrackCall.dir/home/pi/pico/pico-sdk/src/rp2_common/pico_stdio_uart/stdio_uart.c.obj
                0x10003f14                stdio_uart_init
 .text          0x10003f3c       0x64 /usr/lib/gcc/arm-none-eabi/7.3.1/../../../arm-none-eabi/lib/thumb/v6-m/libg.a(lib_a-strlen-stub.o)
                0x10003f3c                strlen
 *(.fini)
 .fini          0x10003fa0        0x4 /usr/lib/gcc/arm-none-eabi/7.3.1/thumb/v6-m/crti.o
                0x10003fa0                _fini
 *fill*         0x10003fa4        0x4 
 .fini.__stub   0x10003fa8       0x50 linker stubs
 *crtbegin.o(.ctors)
 *crtbegin?.o(.ctors)
 *(EXCLUDE_FILE(*crtend.o *crtend?.o) .ctors)
 *(SORT_BY_NAME(.ctors.*))
 *(.ctors)
 *crtbegin.o(.dtors)
 *crtbegin?.o(.dtors)
 *(EXCLUDE_FILE(*crtend.o *crtend?.o) .dtors)
 *(SORT_BY_NAME(.dtors.*))
 *(.dtors)
 *(.eh_frame*)
 .eh_frame      0x10003ff8        0x0 /usr/lib/gcc/arm-none-eabi/7.3.1/thumb/v6-m/crtbegin.o
                0x10003ff8                . = ALIGN (0x4)

.glue_7         0x10003ff8        0x0
 .glue_7        0x10003ff8        0x0 linker stubs

.glue_7t        0x10003ff8        0x0
 .glue_7t       0x10003ff8        0x0 linker stubs

.vfp11_veneer   0x10003ff8        0x0
 .vfp11_veneer  0x10003ff8        0x0 linker stubs

.v4_bx          0x10003ff8        0x0
 .v4_bx         0x10003ff8        0x0 linker stubs

.iplt           0x10003ff8        0x0
 .iplt          0x10003ff8        0x0 /usr/lib/gcc/arm-none-eabi/7.3.1/thumb/v6-m/crtbegin.o

.rodata         0x10003ff8      0xe2c
 *(EXCLUDE_FILE(*libm.a: *libc.a:*lib_a-mem*.o *libgcc.a:) .rodata*)
 .rodata.main.str1.4
                0x10003ff8        0xe CMakeFiles/TrackCall.dir/TrackCall.c.obj
 *fill*         0x10004006        0x2 
 .rodata.__func__.4737
                0x10004008       0x1a CMakeFiles/TrackCall.dir/home/pi/pico/pico-sdk/src/rp2_common/hardware_irq/irq.c.obj
 *fill*         0x10004022        0x2 
 .rodata.__func__.4751
                0x10004024        0xc CMakeFiles/TrackCall.dir/home/pi/pico/pico-sdk/src/rp2_common/hardware_irq/irq.c.obj
 .rodata.__func__.4759
                0x10004030       0x17 CMakeFiles/TrackCall.dir/home/pi/pico/pico-sdk/src/rp2_common/hardware_irq/irq.c.obj
 *fill*         0x10004047        0x1 
 .rodata.__func__.4763
                0x10004048        0xf CMakeFiles/TrackCall.dir/home/pi/pico/pico-sdk/src/rp2_common/hardware_irq/irq.c.obj
 *fill*         0x10004057        0x1 
 .rodata.__func__.4802
                0x10004058       0x13 CMakeFiles/TrackCall.dir/home/pi/pico/pico-sdk/src/rp2_common/hardware_irq/irq.c.obj
 *fill*         0x1000406b        0x1 
 .rodata.__func__.4824
                0x1000406c       0x1a CMakeFiles/TrackCall.dir/home/pi/pico/pico-sdk/src/rp2_common/hardware_irq/irq.c.obj
 *fill*         0x10004086        0x2 
 .rodata.insert_branch_and_link.str1.4
                0x10004088       0x10 CMakeFiles/TrackCall.dir/home/pi/pico/pico-sdk/src/rp2_common/hardware_irq/irq.c.obj
 .rodata.irq_add_shared_handler.str1.4
                0x10004098       0xd9 CMakeFiles/TrackCall.dir/home/pi/pico/pico-sdk/src/rp2_common/hardware_irq/irq.c.obj
 *fill*         0x10004171        0x3 
 .rodata.irq_add_tail_to_free_list.str1.4
                0x10004174       0x3a CMakeFiles/TrackCall.dir/home/pi/pico/pico-sdk/src/rp2_common/hardware_irq/irq.c.obj
 *fill*         0x100041ae        0x2 
 .rodata.irq_remove_handler.str1.4
                0x100041b0       0x2a CMakeFiles/TrackCall.dir/home/pi/pico/pico-sdk/src/rp2_common/hardware_irq/irq.c.obj
 *fill*         0x100041da        0x2 
 .rodata.irq_set_exclusive_handler.str1.4
                0x100041dc       0x36 CMakeFiles/TrackCall.dir/home/pi/pico/pico-sdk/src/rp2_common/hardware_irq/irq.c.obj
 *fill*         0x10004212        0x2 
 .rodata.make_branch.str1.4
                0x10004214       0x69 CMakeFiles/TrackCall.dir/home/pi/pico/pico-sdk/src/rp2_common/hardware_irq/irq.c.obj
 *fill*         0x1000427d        0x3 
 .rodata.__func__.5648
                0x10004280       0x15 CMakeFiles/TrackCall.dir/home/pi/pico/pico-sdk/src/common/pico_time/time.c.obj
 *fill*         0x10004295        0x3 
 .rodata.__func__.5966
                0x10004298        0xc CMakeFiles/TrackCall.dir/home/pi/pico/pico-sdk/src/common/pico_time/time.c.obj
 .rodata.__func__.5973
                0x100042a4       0x12 CMakeFiles/TrackCall.dir/home/pi/pico/pico-sdk/src/common/pico_time/time.c.obj
 *fill*         0x100042b6        0x2 
 .rodata.__func__.5989
                0x100042b8        0xf CMakeFiles/TrackCall.dir/home/pi/pico/pico-sdk/src/common/pico_time/time.c.obj
 *fill*         0x100042c7        0x1 
 .rodata.__func__.6011
                0x100042c8        0xd CMakeFiles/TrackCall.dir/home/pi/pico/pico-sdk/src/common/pico_time/time.c.obj
 *fill*         0x100042d5        0x3 
 .rodata.__func__.6234
                0x100042d8        0xa CMakeFiles/TrackCall.dir/home/pi/pico/pico-sdk/src/common/pico_time/time.c.obj
 *fill*         0x100042e2        0x2 
 .rodata.__func__.6239
                0x100042e4       0x12 CMakeFiles/TrackCall.dir/home/pi/pico/pico-sdk/src/common/pico_time/time.c.obj
 *fill*         0x100042f6        0x2 
 .rodata.__func__.6265
                0x100042f8       0x15 CMakeFiles/TrackCall.dir/home/pi/pico/pico-sdk/src/common/pico_time/time.c.obj
 *fill*         0x1000430d        0x3 
 .rodata.__func__.6282
                0x10004310       0x1a CMakeFiles/TrackCall.dir/home/pi/pico/pico-sdk/src/common/pico_time/time.c.obj
 *fill*         0x1000432a        0x2 
 .rodata.add_alarm_under_lock.str1.4
                0x1000432c       0x28 CMakeFiles/TrackCall.dir/home/pi/pico/pico-sdk/src/common/pico_time/time.c.obj
                                 0x2b (size before relaxing)
 .rodata.alarm_pool_alarm_callback.str1.4
                0x10004354       0xe2 CMakeFiles/TrackCall.dir/home/pi/pico/pico-sdk/src/common/pico_time/time.c.obj
 *fill*         0x10004436        0x2 
 .rodata.alarm_pool_dump_key.str1.4
                0x10004438       0x33 CMakeFiles/TrackCall.dir/home/pi/pico/pico-sdk/src/common/pico_time/time.c.obj
 *fill*         0x1000446b        0x1 
 .rodata.ph_add_child_node.str1.4
                0x1000446c       0x92 CMakeFiles/TrackCall.dir/home/pi/pico/pico-sdk/src/common/pico_time/time.c.obj
 *fill*         0x100044fe        0x2 
 .rodata.repeating_timer_callback.str1.4
                0x10004500       0x47 CMakeFiles/TrackCall.dir/home/pi/pico/pico-sdk/src/common/pico_time/time.c.obj
 *fill*         0x10004547        0x1 
 .rodata.__func__.4535
                0x10004548       0x1a CMakeFiles/TrackCall.dir/home/pi/pico/pico-sdk/src/rp2_common/hardware_timer/timer.c.obj
 *fill*         0x10004562        0x2 
 .rodata.hardware_alarm_claim.str1.4
                0x10004564       0x22 CMakeFiles/TrackCall.dir/home/pi/pico/pico-sdk/src/rp2_common/hardware_timer/timer.c.obj
 *fill*         0x10004586        0x2 
 .rodata.hardware_alarm_set_target.str1.4
                0x10004588       0x61 CMakeFiles/TrackCall.dir/home/pi/pico/pico-sdk/src/rp2_common/hardware_timer/timer.c.obj
 *fill*         0x100045e9        0x3 
 .rodata.__func__.5664
                0x100045ec        0xc CMakeFiles/TrackCall.dir/home/pi/pico/pico-sdk/src/common/pico_util/pheap.c.obj
 .rodata.__func__.5671
                0x100045f8       0x12 CMakeFiles/TrackCall.dir/home/pi/pico/pico-sdk/src/common/pico_util/pheap.c.obj
 *fill*         0x1000460a        0x2 
 .rodata.__func__.5757
                0x1000460c       0x13 CMakeFiles/TrackCall.dir/home/pi/pico/pico-sdk/src/common/pico_util/pheap.c.obj
 *fill*         0x1000461f        0x1 
 .rodata.__func__.5775
                0x10004620       0x18 CMakeFiles/TrackCall.dir/home/pi/pico/pico-sdk/src/common/pico_util/pheap.c.obj
 .rodata.ph_add_child_node.str1.4
                0x10004638       0x92 CMakeFiles/TrackCall.dir/home/pi/pico/pico-sdk/src/common/pico_util/pheap.c.obj
 .rodata.ph_remove_and_free_node.str1.4
                0x10004638       0x1e CMakeFiles/TrackCall.dir/home/pi/pico/pico-sdk/src/common/pico_util/pheap.c.obj
                                 0x26 (size before relaxing)
 *fill*         0x10004656        0x2 
 .rodata.ph_remove_any_head.str1.4
                0x10004658       0x88 CMakeFiles/TrackCall.dir/home/pi/pico/pico-sdk/src/common/pico_util/pheap.c.obj
 .rodata.__func__.4669
                0x100046e0        0xb CMakeFiles/TrackCall.dir/home/pi/pico/pico-sdk/src/common/pico_sync/mutex.c.obj
 *fill*         0x100046eb        0x1 
 .rodata.str1.4
                0x100046ec       0x85 CMakeFiles/TrackCall.dir/home/pi/pico/pico-sdk/src/common/pico_sync/mutex.c.obj
                                 0xe5 (size before relaxing)
 *fill*         0x10004771        0x3 
 .rodata.__assert_func.str1.4
                0x10004774       0x3f CMakeFiles/TrackCall.dir/home/pi/pico/pico-sdk/src/rp2_common/pico_runtime/runtime.c.obj
                                 0x43 (size before relaxing)
 *fill*         0x100047b3        0x1 
 .rodata.__func__.5782
                0x100047b4        0xd CMakeFiles/TrackCall.dir/home/pi/pico/pico-sdk/src/rp2_common/pico_runtime/runtime.c.obj
 *fill*         0x100047c1        0x3 
 .rodata.panic.str1.4
                0x100047c4       0x12 CMakeFiles/TrackCall.dir/home/pi/pico/pico-sdk/src/rp2_common/pico_runtime/runtime.c.obj
 *fill*         0x100047d6        0x2 
 .rodata.runtime_init.str1.4
                0x100047d8       0x5d CMakeFiles/TrackCall.dir/home/pi/pico/pico-sdk/src/rp2_common/pico_runtime/runtime.c.obj
 *fill*         0x10004835        0x3 
 .rodata.__func__.4719
                0x10004838       0x10 CMakeFiles/TrackCall.dir/home/pi/pico/pico-sdk/src/rp2_common/hardware_clocks/clocks.c.obj
 .rodata.clock_configure.str1.4
                0x10004848       0x53 CMakeFiles/TrackCall.dir/home/pi/pico/pico-sdk/src/rp2_common/hardware_clocks/clocks.c.obj
 *fill*         0x1000489b        0x1 
 .rodata.__func__.4376
                0x1000489c        0x9 CMakeFiles/TrackCall.dir/home/pi/pico/pico-sdk/src/rp2_common/hardware_pll/pll.c.obj
 *fill*         0x100048a5        0x3 
 .rodata.pll_init.str1.4
                0x100048a8      0x137 CMakeFiles/TrackCall.dir/home/pi/pico/pico-sdk/src/rp2_common/hardware_pll/pll.c.obj
 *fill*         0x100049df        0x1 
 .rodata._vsnprintf
                0x100049e0      0x1e0 CMakeFiles/TrackCall.dir/home/pi/pico/pico-sdk/src/rp2_common/pico_printf/printf.c.obj
 .rodata._ftoa.str1.4
                0x10004bc0       0x15 CMakeFiles/TrackCall.dir/home/pi/pico/pico-sdk/src/rp2_common/pico_printf/printf.c.obj
 *fill*         0x10004bd5        0x3 
 .rodata.pow10.5378
                0x10004bd8       0x50 CMakeFiles/TrackCall.dir/home/pi/pico/pico-sdk/src/rp2_common/pico_printf/printf.c.obj
 .rodata.__aeabi_double_init.str1.4
                0x10004c28       0xa4 CMakeFiles/TrackCall.dir/home/pi/pico/pico-sdk/src/rp2_common/pico_double/double_init_rom.c.obj
 .rodata.__func__.4688
                0x10004ccc       0x14 CMakeFiles/TrackCall.dir/home/pi/pico/pico-sdk/src/rp2_common/pico_double/double_init_rom.c.obj
 .rodata.__aeabi_float_init.str1.4
                0x10004ce0       0x76 CMakeFiles/TrackCall.dir/home/pi/pico/pico-sdk/src/rp2_common/pico_float/float_init_rom.c.obj
                                 0x7a (size before relaxing)
 *fill*         0x10004d56        0x2 
 .rodata.__func__.4689
                0x10004d58       0x13 CMakeFiles/TrackCall.dir/home/pi/pico/pico-sdk/src/rp2_common/pico_float/float_init_rom.c.obj
 *fill*         0x10004d6b        0x1 
 .rodata.__bi_44
                0x10004d6c        0xc CMakeFiles/TrackCall.dir/home/pi/pico/pico-sdk/src/rp2_common/pico_standard_link/binary_info.c.obj
 .rodata.__bi_56
                0x10004d78        0xc CMakeFiles/TrackCall.dir/home/pi/pico/pico-sdk/src/rp2_common/pico_standard_link/binary_info.c.obj
 .rodata.__bi_75
                0x10004d84        0xc CMakeFiles/TrackCall.dir/home/pi/pico/pico-sdk/src/rp2_common/pico_standard_link/binary_info.c.obj
 .rodata.__bi_81
                0x10004d90        0xc CMakeFiles/TrackCall.dir/home/pi/pico/pico-sdk/src/rp2_common/pico_standard_link/binary_info.c.obj
 .rodata.str1.4
                0x10004d9c       0x44 CMakeFiles/TrackCall.dir/home/pi/pico/pico-sdk/src/rp2_common/pico_standard_link/binary_info.c.obj
 .rodata.crlf_str.6007
                0x10004de0        0x2 CMakeFiles/TrackCall.dir/home/pi/pico/pico-sdk/src/rp2_common/pico_stdio/stdio.c.obj
 *fill*         0x10004de2        0x2 
 .rodata.__bi_28.4823
                0x10004de4        0xc CMakeFiles/TrackCall.dir/home/pi/pico/pico-sdk/src/rp2_common/pico_stdio_uart/stdio_uart.c.obj
 .rodata.__bi_29.4827
                0x10004df0        0x8 CMakeFiles/TrackCall.dir/home/pi/pico/pico-sdk/src/rp2_common/pico_stdio_uart/stdio_uart.c.obj
 .rodata.str1.4
                0x10004df8       0x2c CMakeFiles/TrackCall.dir/home/pi/pico/pico-sdk/src/rp2_common/pico_stdio_uart/stdio_uart.c.obj
                0x10004e24                . = ALIGN (0x4)
 *(SORT_BY_ALIGNMENT(SORT_BY_NAME(.flashdata*)))
                0x10004e24                . = ALIGN (0x4)

.rel.dyn        0x10004e24        0x0
 .rel.iplt      0x10004e24        0x0 /usr/lib/gcc/arm-none-eabi/7.3.1/thumb/v6-m/crtbegin.o

.ARM.extab
 *(.ARM.extab* .gnu.linkonce.armextab.*)
                0x10004e24                __exidx_start = .

.ARM.exidx
 *(.ARM.exidx* .gnu.linkonce.armexidx.*)
                0x10004e24                __exidx_end = .
                0x10004e24                . = ALIGN (0x4)
                0x10004e24                __binary_info_start = .

.binary_info    0x10004e24       0x28
 *(.binary_info.keep.*)
 .binary_info.keep.__bi_ptr22
                0x10004e24        0x4 CMakeFiles/TrackCall.dir/home/pi/pico/pico-sdk/src/rp2_common/pico_standard_link/binary_info.c.obj
 .binary_info.keep.__bi_ptr30
                0x10004e28        0x4 CMakeFiles/TrackCall.dir/home/pi/pico/pico-sdk/src/rp2_common/pico_standard_link/binary_info.c.obj
 .binary_info.keep.__bi_ptr38
                0x10004e2c        0x4 CMakeFiles/TrackCall.dir/home/pi/pico/pico-sdk/src/rp2_common/pico_standard_link/binary_info.c.obj
 .binary_info.keep.__bi_ptr44
                0x10004e30        0x4 CMakeFiles/TrackCall.dir/home/pi/pico/pico-sdk/src/rp2_common/pico_standard_link/binary_info.c.obj
 .binary_info.keep.__bi_ptr50
                0x10004e34        0x4 CMakeFiles/TrackCall.dir/home/pi/pico/pico-sdk/src/rp2_common/pico_standard_link/binary_info.c.obj
 .binary_info.keep.__bi_ptr56
                0x10004e38        0x4 CMakeFiles/TrackCall.dir/home/pi/pico/pico-sdk/src/rp2_common/pico_standard_link/binary_info.c.obj
 .binary_info.keep.__bi_ptr75
                0x10004e3c        0x4 CMakeFiles/TrackCall.dir/home/pi/pico/pico-sdk/src/rp2_common/pico_standard_link/binary_info.c.obj
 .binary_info.keep.__bi_ptr81
                0x10004e40        0x4 CMakeFiles/TrackCall.dir/home/pi/pico/pico-sdk/src/rp2_common/pico_standard_link/binary_info.c.obj
 *(.binary_info.*)
 .binary_info.__bi_ptr28
                0x10004e44        0x4 CMakeFiles/TrackCall.dir/home/pi/pico/pico-sdk/src/rp2_common/pico_stdio_uart/stdio_uart.c.obj
 .binary_info.__bi_ptr29
                0x10004e48        0x4 CMakeFiles/TrackCall.dir/home/pi/pico/pico-sdk/src/rp2_common/pico_stdio_uart/stdio_uart.c.obj
                0x10004e4c                __binary_info_end = .
                0x10004e4c                . = ALIGN (0x4)
                0x10004e4c                __etext = .

.ram_vector_table
                0x20000000       0xc0
 *(.ram_vector_table)
 .ram_vector_table
                0x20000000       0xc0 CMakeFiles/TrackCall.dir/home/pi/pico/pico-sdk/src/rp2_common/pico_runtime/runtime.c.obj
                0x20000000                ram_vector_table

.data           0x200000c0      0x1c0 load address 0x10004e4c
                0x200000c0                __data_start__ = .
 *(vtable)
 *(.time_critical*)
 .time_critical.mutex_enter_blocking
                0x200000c0       0x48 CMakeFiles/TrackCall.dir/home/pi/pico/pico-sdk/src/common/pico_sync/mutex.c.obj
                0x200000c0                mutex_enter_blocking
 .time_critical.mutex_try_enter
                0x20000108       0x48 CMakeFiles/TrackCall.dir/home/pi/pico/pico-sdk/src/common/pico_sync/mutex.c.obj
                0x20000108                mutex_try_enter
 .time_critical.mutex_exit
                0x20000150       0x4c CMakeFiles/TrackCall.dir/home/pi/pico/pico-sdk/src/common/pico_sync/mutex.c.obj
                0x20000150                mutex_exit
 *(.text*)
 .text          0x2000019c        0x4 /usr/lib/gcc/arm-none-eabi/7.3.1/thumb/v6-m/libgcc.a(_dvmd_tls.o)
                0x2000019c                __aeabi_ldiv0
                0x2000019c                __aeabi_idiv0
 .text.__stub   0x200001a0       0x10 linker stubs
                0x200001b0                . = ALIGN (0x4)
 *(.rodata*)
                0x200001b0                . = ALIGN (0x4)
 *(.data*)
 .data.striped_spin_lock_num
                0x200001b0        0x1 CMakeFiles/TrackCall.dir/home/pi/pico/pico-sdk/src/rp2_common/hardware_sync/sync.c.obj
 *fill*         0x200001b1        0x3 
 .data          0x200001b4       0x48 CMakeFiles/TrackCall.dir/home/pi/pico/pico-sdk/src/rp2_common/hardware_irq/irq_handler_chain.S.obj
                0x200001b4                irq_handler_chain_slots
                0x200001e4                irq_handler_chain_first_slot
                0x200001ee                irq_handler_chain_remove_tail
 .data.default_alarm_pool
                0x200001fc       0x18 CMakeFiles/TrackCall.dir/home/pi/pico/pico-sdk/src/common/pico_time/time.c.obj
 .data.default_alarm_pool_heap
                0x20000214       0x10 CMakeFiles/TrackCall.dir/home/pi/pico/pico-sdk/src/common/pico_time/time.c.obj
 *fill*         0x20000224        0xc 
 .data.aeabi_bits_funcs
                0x20000230       0x10 CMakeFiles/TrackCall.dir/home/pi/pico/pico-sdk/src/rp2_common/pico_bit_ops/bit_ops_aeabi.S.obj
                0x20000230                aeabi_bits_funcs
                0x20000240                aeabi_bits_funcs_end
 .data.aeabi_mem_funcs
                0x20000240       0x10 CMakeFiles/TrackCall.dir/home/pi/pico/pico-sdk/src/rp2_common/pico_mem_ops/mem_ops_aeabi.S.obj
                0x20000240                aeabi_mem_funcs
                0x20000250                aeabi_mem_funcs_end
 .data.stdio_uart
                0x20000250       0x14 CMakeFiles/TrackCall.dir/home/pi/pico/pico-sdk/src/rp2_common/pico_stdio_uart/stdio_uart.c.obj
                0x20000250                stdio_uart
                0x20000264                . = ALIGN (0x4)
 *(.after_data.*)
                0x20000264                . = ALIGN (0x4)
                0x20000264                PROVIDE (__mutex_array_start = .)
 *(SORT_BY_NAME(.mutex_array.*))
 *(.mutex_array)
 .mutex_array   0x20000264        0x8 CMakeFiles/TrackCall.dir/home/pi/pico/pico-sdk/src/rp2_common/pico_stdio/stdio.c.obj
                0x2000026c                PROVIDE (__mutex_array_end = .)
                0x2000026c                . = ALIGN (0x4)
                0x2000026c                PROVIDE (__preinit_array_start = .)
 *(SORT_BY_NAME(.preinit_array.*))
 .preinit_array.00001
                0x2000026c        0x4 CMakeFiles/TrackCall.dir/home/pi/pico/pico-sdk/src/rp2_common/pico_mem_ops/mem_ops_aeabi.S.obj
 .preinit_array.00010
                0x20000270        0x4 CMakeFiles/TrackCall.dir/home/pi/pico/pico-sdk/src/rp2_common/pico_bit_ops/bit_ops_aeabi.S.obj
 .preinit_array.00020
                0x20000274        0x4 CMakeFiles/TrackCall.dir/home/pi/pico/pico-sdk/src/rp2_common/pico_double/double_aeabi.S.obj
 .preinit_array.00020
                0x20000278        0x4 CMakeFiles/TrackCall.dir/home/pi/pico/pico-sdk/src/rp2_common/pico_float/float_aeabi.S.obj
 *(.preinit_array)
                0x2000027c                PROVIDE (__preinit_array_end = .)
                0x2000027c                . = ALIGN (0x4)
                0x2000027c                PROVIDE (__init_array_start = .)
 *(SORT_BY_NAME(.init_array.*))
 *(.init_array)
 .init_array    0x2000027c        0x4 /usr/lib/gcc/arm-none-eabi/7.3.1/thumb/v6-m/crtbegin.o
                0x20000280                PROVIDE (__init_array_end = .)
                0x20000280                . = ALIGN (0x4)
                0x20000280                PROVIDE (__fini_array_start = .)
 *(SORT_BY_NAME(.fini_array.*))
 *(.fini_array)
                0x20000280                PROVIDE (__fini_array_end = .)
 *(.jcr)
                0x20000280                . = ALIGN (0x4)
                0x20000280                __data_end__ = .

.tm_clone_table
                0x20000280        0x0 load address 0x1000500c
 .tm_clone_table
                0x20000280        0x0 /usr/lib/gcc/arm-none-eabi/7.3.1/thumb/v6-m/crtbegin.o
 .tm_clone_table
                0x20000280        0x0 /usr/lib/gcc/arm-none-eabi/7.3.1/thumb/v6-m/crtend.o

.igot.plt       0x20000280        0x0 load address 0x1000500c
 .igot.plt      0x20000280        0x0 /usr/lib/gcc/arm-none-eabi/7.3.1/thumb/v6-m/crtbegin.o

.uninitialized_data
                0x20000280        0x0 load address 0x1000500c
                0x20000280                . = ALIGN (0x4)
 *(.uninitialized_data*)

.scratch_x      0x20040000        0x0 load address 0x1000500c
                0x20040000                __scratch_x_start__ = .
 *(.scratch_x.*)
                0x20040000                . = ALIGN (0x4)
                0x20040000                __scratch_x_end__ = .
                0x1000500c                __scratch_x_source__ = LOADADDR (.scratch_x)

.scratch_y      0x20041000        0x0 load address 0x1000500c
                0x20041000                __scratch_y_start__ = .
 *(.scratch_y.*)
                0x20041000                . = ALIGN (0x4)
                0x20041000                __scratch_y_end__ = .
                0x1000500c                __scratch_y_source__ = LOADADDR (.scratch_y)

.bss            0x20000280      0x3d0
                0x20000280                . = ALIGN (0x4)
                0x20000280                __bss_start__ = .
 *(SORT_BY_ALIGNMENT(SORT_BY_NAME(.bss*)))
 .bss.default_alarm_pool_entries
                0x20000280      0x100 CMakeFiles/TrackCall.dir/home/pi/pico/pico-sdk/src/common/pico_time/time.c.obj
 .bss           0x20000380       0x1c /usr/lib/gcc/arm-none-eabi/7.3.1/thumb/v6-m/crtbegin.o
 .bss.alarm_callbacks
                0x2000039c       0x10 CMakeFiles/TrackCall.dir/home/pi/pico/pico-sdk/src/rp2_common/hardware_timer/timer.c.obj
 .bss.configured_freq
                0x200003ac       0x28 CMakeFiles/TrackCall.dir/home/pi/pico/pico-sdk/src/rp2_common/hardware_clocks/clocks.c.obj
 .bss.default_alarm_pool_entry_ids_high
                0x200003d4       0x10 CMakeFiles/TrackCall.dir/home/pi/pico/pico-sdk/src/common/pico_time/time.c.obj
 .bss.default_alarm_pool_heap_nodes
                0x200003e4       0x30 CMakeFiles/TrackCall.dir/home/pi/pico/pico-sdk/src/common/pico_time/time.c.obj
 .bss.drivers   0x20000414        0x4 CMakeFiles/TrackCall.dir/home/pi/pico/pico-sdk/src/rp2_common/pico_stdio/stdio.c.obj
 .bss.filter    0x20000418        0x4 CMakeFiles/TrackCall.dir/home/pi/pico/pico-sdk/src/rp2_common/pico_stdio/stdio.c.obj
 .bss.pools     0x2000041c       0x10 CMakeFiles/TrackCall.dir/home/pi/pico/pico-sdk/src/common/pico_time/time.c.obj
 .bss.sf_clz_func
                0x2000042c        0x4 CMakeFiles/TrackCall.dir/home/pi/pico/pico-sdk/src/rp2_common/pico_double/double_init_rom.c.obj
                0x2000042c                sf_clz_func
 .bss.sleep_notifier
                0x20000430        0x4 CMakeFiles/TrackCall.dir/home/pi/pico/pico-sdk/src/common/pico_time/time.c.obj
 .bss.target_hi
                0x20000434       0x10 CMakeFiles/TrackCall.dir/home/pi/pico/pico-sdk/src/rp2_common/hardware_timer/timer.c.obj
 .bss.uart_instance
                0x20000444        0x4 CMakeFiles/TrackCall.dir/home/pi/pico/pico-sdk/src/rp2_common/pico_stdio_uart/stdio_uart.c.obj
 .bss.claimed   0x20000448        0x1 CMakeFiles/TrackCall.dir/home/pi/pico/pico-sdk/src/rp2_common/hardware_timer/timer.c.obj
 .bss.irq_hander_chain_free_slot_head
                0x20000449        0x1 CMakeFiles/TrackCall.dir/home/pi/pico/pico-sdk/src/rp2_common/hardware_irq/irq.c.obj
 .bss.timer_callbacks_pending
                0x2000044a        0x1 CMakeFiles/TrackCall.dir/home/pi/pico/pico-sdk/src/rp2_common/hardware_timer/timer.c.obj
 *(COMMON)
 *fill*         0x2000044b        0x1 
 COMMON         0x2000044c        0x4 CMakeFiles/TrackCall.dir/home/pi/pico/pico-sdk/src/rp2_common/hardware_uart/uart.c.obj
                0x2000044c                uart_char_to_line_feed
 COMMON         0x20000450      0x100 CMakeFiles/TrackCall.dir/home/pi/pico/pico-sdk/src/rp2_common/pico_double/double_init_rom.c.obj
                0x20000450                sd_table
 COMMON         0x20000550      0x100 CMakeFiles/TrackCall.dir/home/pi/pico/pico-sdk/src/rp2_common/pico_float/float_init_rom.c.obj
                0x20000550                sf_table
                0x20000650                . = ALIGN (0x4)
                0x20000650                __bss_end__ = .

.heap           0x20000650      0x800
                0x20000650                __end__ = .
                0x20000650                end = __end__
 *(.heap*)
 .heap          0x20000650      0x800 CMakeFiles/TrackCall.dir/home/pi/pico/pico-sdk/src/rp2_common/pico_standard_link/crt0.S.obj
                0x20000e50                __HeapLimit = .

.stack1_dummy   0x20040000        0x0
 *(.stack1*)

.stack_dummy    0x20041000      0x800
 *(.stack*)
 .stack         0x20041000      0x800 CMakeFiles/TrackCall.dir/home/pi/pico/pico-sdk/src/rp2_common/pico_standard_link/crt0.S.obj

.flash_end      0x1000500c        0x0
                0x1000500c                __flash_binary_end = .
                0x20040000                __StackLimit = (ORIGIN (RAM) + LENGTH (RAM))
                0x20041000                __StackOneTop = (ORIGIN (SCRATCH_X) + LENGTH (SCRATCH_X))
                0x20042000                __StackTop = (ORIGIN (SCRATCH_Y) + LENGTH (SCRATCH_Y))
                0x20041000                __StackOneBottom = (__StackOneTop - SIZEOF (.stack1_dummy))
                0x20041800                __StackBottom = (__StackTop - SIZEOF (.stack_dummy))
                0x20042000                PROVIDE (__stack = __StackTop)
                0x00000001                ASSERT ((__StackLimit >= __HeapLimit), region RAM overflowed)
                0x00000001                ASSERT (((__binary_info_header_end - __logical_binary_start) <= 0x100), Binary info must be in first 256 bytes of the binary)
LOAD CMakeFiles/TrackCall.dir/TrackCall.c.obj
LOAD CMakeFiles/TrackCall.dir/home/pi/pico/pico-sdk/src/rp2_common/pico_stdlib/stdlib.c.obj
LOAD CMakeFiles/TrackCall.dir/home/pi/pico/pico-sdk/src/rp2_common/hardware_gpio/gpio.c.obj
LOAD CMakeFiles/TrackCall.dir/home/pi/pico/pico-sdk/src/rp2_common/hardware_claim/claim.c.obj
LOAD CMakeFiles/TrackCall.dir/home/pi/pico/pico-sdk/src/rp2_common/pico_platform/platform.c.obj
LOAD CMakeFiles/TrackCall.dir/home/pi/pico/pico-sdk/src/rp2_common/hardware_sync/sync.c.obj
LOAD CMakeFiles/TrackCall.dir/home/pi/pico/pico-sdk/src/rp2_common/hardware_irq/irq.c.obj
LOAD CMakeFiles/TrackCall.dir/home/pi/pico/pico-sdk/src/rp2_common/hardware_irq/irq_handler_chain.S.obj
LOAD CMakeFiles/TrackCall.dir/home/pi/pico/pico-sdk/src/common/pico_sync/sem.c.obj
LOAD CMakeFiles/TrackCall.dir/home/pi/pico/pico-sdk/src/common/pico_sync/lock_core.c.obj
LOAD CMakeFiles/TrackCall.dir/home/pi/pico/pico-sdk/src/common/pico_time/time.c.obj
LOAD CMakeFiles/TrackCall.dir/home/pi/pico/pico-sdk/src/common/pico_time/timeout_helper.c.obj
LOAD CMakeFiles/TrackCall.dir/home/pi/pico/pico-sdk/src/rp2_common/hardware_timer/timer.c.obj
LOAD CMakeFiles/TrackCall.dir/home/pi/pico/pico-sdk/src/common/pico_util/datetime.c.obj
LOAD CMakeFiles/TrackCall.dir/home/pi/pico/pico-sdk/src/common/pico_util/pheap.c.obj
LOAD CMakeFiles/TrackCall.dir/home/pi/pico/pico-sdk/src/common/pico_util/queue.c.obj
LOAD CMakeFiles/TrackCall.dir/home/pi/pico/pico-sdk/src/common/pico_sync/mutex.c.obj
LOAD CMakeFiles/TrackCall.dir/home/pi/pico/pico-sdk/src/common/pico_sync/critical_section.c.obj
LOAD CMakeFiles/TrackCall.dir/home/pi/pico/pico-sdk/src/rp2_common/hardware_uart/uart.c.obj
LOAD CMakeFiles/TrackCall.dir/home/pi/pico/pico-sdk/src/rp2_common/hardware_divider/divider.S.obj
LOAD CMakeFiles/TrackCall.dir/home/pi/pico/pico-sdk/src/rp2_common/pico_runtime/runtime.c.obj
LOAD CMakeFiles/TrackCall.dir/home/pi/pico/pico-sdk/src/rp2_common/hardware_clocks/clocks.c.obj
LOAD CMakeFiles/TrackCall.dir/home/pi/pico/pico-sdk/src/rp2_common/hardware_pll/pll.c.obj
LOAD CMakeFiles/TrackCall.dir/home/pi/pico/pico-sdk/src/rp2_common/hardware_vreg/vreg.c.obj
LOAD CMakeFiles/TrackCall.dir/home/pi/pico/pico-sdk/src/rp2_common/hardware_watchdog/watchdog.c.obj
LOAD CMakeFiles/TrackCall.dir/home/pi/pico/pico-sdk/src/rp2_common/hardware_xosc/xosc.c.obj
LOAD CMakeFiles/TrackCall.dir/home/pi/pico/pico-sdk/src/rp2_common/pico_printf/printf.c.obj
LOAD CMakeFiles/TrackCall.dir/home/pi/pico/pico-sdk/src/rp2_common/pico_bit_ops/bit_ops_aeabi.S.obj
LOAD CMakeFiles/TrackCall.dir/home/pi/pico/pico-sdk/src/rp2_common/pico_bootrom/bootrom.c.obj
LOAD CMakeFiles/TrackCall.dir/home/pi/pico/pico-sdk/src/rp2_common/pico_divider/divider.S.obj
LOAD CMakeFiles/TrackCall.dir/home/pi/pico/pico-sdk/src/rp2_common/pico_double/double_aeabi.S.obj
LOAD CMakeFiles/TrackCall.dir/home/pi/pico/pico-sdk/src/rp2_common/pico_double/double_init_rom.c.obj
LOAD CMakeFiles/TrackCall.dir/home/pi/pico/pico-sdk/src/rp2_common/pico_double/double_math.c.obj
LOAD CMakeFiles/TrackCall.dir/home/pi/pico/pico-sdk/src/rp2_common/pico_double/double_v1_rom_shim.S.obj
LOAD CMakeFiles/TrackCall.dir/home/pi/pico/pico-sdk/src/rp2_common/pico_int64_ops/pico_int64_ops_aeabi.S.obj
LOAD CMakeFiles/TrackCall.dir/home/pi/pico/pico-sdk/src/rp2_common/pico_float/float_aeabi.S.obj
LOAD CMakeFiles/TrackCall.dir/home/pi/pico/pico-sdk/src/rp2_common/pico_float/float_init_rom.c.obj
LOAD CMakeFiles/TrackCall.dir/home/pi/pico/pico-sdk/src/rp2_common/pico_float/float_math.c.obj
LOAD CMakeFiles/TrackCall.dir/home/pi/pico/pico-sdk/src/rp2_common/pico_float/float_v1_rom_shim.S.obj
LOAD CMakeFiles/TrackCall.dir/home/pi/pico/pico-sdk/src/rp2_common/pico_malloc/pico_malloc.c.obj
LOAD CMakeFiles/TrackCall.dir/home/pi/pico/pico-sdk/src/rp2_common/pico_mem_ops/mem_ops_aeabi.S.obj
LOAD CMakeFiles/TrackCall.dir/home/pi/pico/pico-sdk/src/rp2_common/pico_standard_link/crt0.S.obj
LOAD CMakeFiles/TrackCall.dir/home/pi/pico/pico-sdk/src/rp2_common/pico_standard_link/new_delete.cpp.obj
LOAD CMakeFiles/TrackCall.dir/home/pi/pico/pico-sdk/src/rp2_common/pico_standard_link/binary_info.c.obj
LOAD CMakeFiles/TrackCall.dir/home/pi/pico/pico-sdk/src/rp2_common/pico_stdio/stdio.c.obj
LOAD CMakeFiles/TrackCall.dir/home/pi/pico/pico-sdk/src/rp2_common/pico_stdio_uart/stdio_uart.c.obj
LOAD /tmp/ccq7wOvI.o
LOAD /usr/lib/gcc/arm-none-eabi/7.3.1/../../../arm-none-eabi/lib/thumb/v6-m/libstdc++.a
LOAD /usr/lib/gcc/arm-none-eabi/7.3.1/../../../arm-none-eabi/lib/thumb/v6-m/libm.a
START GROUP
LOAD /usr/lib/gcc/arm-none-eabi/7.3.1/thumb/v6-m/libgcc.a
LOAD /usr/lib/gcc/arm-none-eabi/7.3.1/../../../arm-none-eabi/lib/thumb/v6-m/libg.a
LOAD /usr/lib/gcc/arm-none-eabi/7.3.1/../../../arm-none-eabi/lib/thumb/v6-m/libc.a
END GROUP
START GROUP
LOAD /usr/lib/gcc/arm-none-eabi/7.3.1/thumb/v6-m/libgcc.a
LOAD /usr/lib/gcc/arm-none-eabi/7.3.1/../../../arm-none-eabi/lib/thumb/v6-m/libc.a
LOAD /usr/lib/gcc/arm-none-eabi/7.3.1/../../../arm-none-eabi/lib/thumb/v6-m/libnosys.a
END GROUP
LOAD /usr/lib/gcc/arm-none-eabi/7.3.1/thumb/v6-m/crtend.o
LOAD /usr/lib/gcc/arm-none-eabi/7.3.1/thumb/v6-m/crtn.o
OUTPUT(TrackCall.elf elf32-littlearm)

.ARM.attributes
                0x00000000       0x28
 .ARM.attributes
                0x00000000       0x1e /usr/lib/gcc/arm-none-eabi/7.3.1/thumb/v6-m/crti.o
 .ARM.attributes
                0x0000001e       0x2c /usr/lib/gcc/arm-none-eabi/7.3.1/thumb/v6-m/crtbegin.o
 .ARM.attributes
                0x0000004a       0x32 CMakeFiles/TrackCall.dir/TrackCall.c.obj
 .ARM.attributes
                0x0000007c       0x32 CMakeFiles/TrackCall.dir/home/pi/pico/pico-sdk/src/rp2_common/hardware_gpio/gpio.c.obj
 .ARM.attributes
                0x000000ae       0x32 CMakeFiles/TrackCall.dir/home/pi/pico/pico-sdk/src/rp2_common/hardware_claim/claim.c.obj
 .ARM.attributes
                0x000000e0       0x32 CMakeFiles/TrackCall.dir/home/pi/pico/pico-sdk/src/rp2_common/pico_platform/platform.c.obj
 .ARM.attributes
                0x00000112       0x32 CMakeFiles/TrackCall.dir/home/pi/pico/pico-sdk/src/rp2_common/hardware_sync/sync.c.obj
 .ARM.attributes
                0x00000144       0x32 CMakeFiles/TrackCall.dir/home/pi/pico/pico-sdk/src/rp2_common/hardware_irq/irq.c.obj
 .ARM.attributes
                0x00000176       0x22 CMakeFiles/TrackCall.dir/home/pi/pico/pico-sdk/src/rp2_common/hardware_irq/irq_handler_chain.S.obj
 .ARM.attributes
                0x00000198       0x32 CMakeFiles/TrackCall.dir/home/pi/pico/pico-sdk/src/common/pico_sync/lock_core.c.obj
 .ARM.attributes
                0x000001ca       0x32 CMakeFiles/TrackCall.dir/home/pi/pico/pico-sdk/src/common/pico_time/time.c.obj
 .ARM.attributes
                0x000001fc       0x32 CMakeFiles/TrackCall.dir/home/pi/pico/pico-sdk/src/rp2_common/hardware_timer/timer.c.obj
 .ARM.attributes
                0x0000022e       0x32 CMakeFiles/TrackCall.dir/home/pi/pico/pico-sdk/src/common/pico_util/pheap.c.obj
 .ARM.attributes
                0x00000260       0x32 CMakeFiles/TrackCall.dir/home/pi/pico/pico-sdk/src/common/pico_sync/mutex.c.obj
 .ARM.attributes
                0x00000292       0x32 CMakeFiles/TrackCall.dir/home/pi/pico/pico-sdk/src/rp2_common/hardware_uart/uart.c.obj
 .ARM.attributes
                0x000002c4       0x32 CMakeFiles/TrackCall.dir/home/pi/pico/pico-sdk/src/rp2_common/pico_runtime/runtime.c.obj
 .ARM.attributes
                0x000002f6       0x32 CMakeFiles/TrackCall.dir/home/pi/pico/pico-sdk/src/rp2_common/hardware_clocks/clocks.c.obj
 .ARM.attributes
                0x00000328       0x32 CMakeFiles/TrackCall.dir/home/pi/pico/pico-sdk/src/rp2_common/hardware_pll/pll.c.obj
 .ARM.attributes
                0x0000035a       0x32 CMakeFiles/TrackCall.dir/home/pi/pico/pico-sdk/src/rp2_common/hardware_watchdog/watchdog.c.obj
 .ARM.attributes
                0x0000038c       0x32 CMakeFiles/TrackCall.dir/home/pi/pico/pico-sdk/src/rp2_common/hardware_xosc/xosc.c.obj
 .ARM.attributes
                0x000003be       0x32 CMakeFiles/TrackCall.dir/home/pi/pico/pico-sdk/src/rp2_common/pico_printf/printf.c.obj
 .ARM.attributes
                0x000003f0       0x22 CMakeFiles/TrackCall.dir/home/pi/pico/pico-sdk/src/rp2_common/pico_bit_ops/bit_ops_aeabi.S.obj
 .ARM.attributes
                0x00000412       0x32 CMakeFiles/TrackCall.dir/home/pi/pico/pico-sdk/src/rp2_common/pico_bootrom/bootrom.c.obj
 .ARM.attributes
                0x00000444       0x22 CMakeFiles/TrackCall.dir/home/pi/pico/pico-sdk/src/rp2_common/pico_divider/divider.S.obj
 .ARM.attributes
                0x00000466       0x22 CMakeFiles/TrackCall.dir/home/pi/pico/pico-sdk/src/rp2_common/pico_double/double_aeabi.S.obj
 .ARM.attributes
                0x00000488       0x32 CMakeFiles/TrackCall.dir/home/pi/pico/pico-sdk/src/rp2_common/pico_double/double_init_rom.c.obj
 .ARM.attributes
                0x000004ba       0x22 CMakeFiles/TrackCall.dir/home/pi/pico/pico-sdk/src/rp2_common/pico_double/double_v1_rom_shim.S.obj
 .ARM.attributes
                0x000004dc       0x22 CMakeFiles/TrackCall.dir/home/pi/pico/pico-sdk/src/rp2_common/pico_float/float_aeabi.S.obj
 .ARM.attributes
                0x000004fe       0x32 CMakeFiles/TrackCall.dir/home/pi/pico/pico-sdk/src/rp2_common/pico_float/float_init_rom.c.obj
 .ARM.attributes
                0x00000530       0x22 CMakeFiles/TrackCall.dir/home/pi/pico/pico-sdk/src/rp2_common/pico_float/float_v1_rom_shim.S.obj
 .ARM.attributes
                0x00000552       0x22 CMakeFiles/TrackCall.dir/home/pi/pico/pico-sdk/src/rp2_common/pico_mem_ops/mem_ops_aeabi.S.obj
 .ARM.attributes
                0x00000574       0x22 CMakeFiles/TrackCall.dir/home/pi/pico/pico-sdk/src/rp2_common/pico_standard_link/crt0.S.obj
 .ARM.attributes
                0x00000596       0x32 CMakeFiles/TrackCall.dir/home/pi/pico/pico-sdk/src/rp2_common/pico_standard_link/binary_info.c.obj
 .ARM.attributes
                0x000005c8       0x32 CMakeFiles/TrackCall.dir/home/pi/pico/pico-sdk/src/rp2_common/pico_stdio/stdio.c.obj
 .ARM.attributes
                0x000005fa       0x32 CMakeFiles/TrackCall.dir/home/pi/pico/pico-sdk/src/rp2_common/pico_stdio_uart/stdio_uart.c.obj
 .ARM.attributes
                0x0000062c       0x22 /tmp/ccq7wOvI.o
 .ARM.attributes
                0x0000064e       0x1e /usr/lib/gcc/arm-none-eabi/7.3.1/thumb/v6-m/libgcc.a(_dvmd_tls.o)
 .ARM.attributes
                0x0000066c       0x2c /usr/lib/gcc/arm-none-eabi/7.3.1/../../../arm-none-eabi/lib/thumb/v6-m/libg.a(lib_a-strlen-stub.o)
 .ARM.attributes
                0x00000698       0x2c /usr/lib/gcc/arm-none-eabi/7.3.1/thumb/v6-m/crtend.o

.comment        0x00000000       0xae
 .comment       0x00000000       0x57 /usr/lib/gcc/arm-none-eabi/7.3.1/thumb/v6-m/crtbegin.o
                                 0x58 (size before relaxing)
 .comment       0x00000057       0x58 CMakeFiles/TrackCall.dir/TrackCall.c.obj
 .comment       0x00000057       0x58 CMakeFiles/TrackCall.dir/home/pi/pico/pico-sdk/src/rp2_common/hardware_gpio/gpio.c.obj
 .comment       0x00000057       0x58 CMakeFiles/TrackCall.dir/home/pi/pico/pico-sdk/src/rp2_common/hardware_claim/claim.c.obj
 .comment       0x00000057       0x58 CMakeFiles/TrackCall.dir/home/pi/pico/pico-sdk/src/rp2_common/pico_platform/platform.c.obj
 .comment       0x00000057       0x58 CMakeFiles/TrackCall.dir/home/pi/pico/pico-sdk/src/rp2_common/hardware_sync/sync.c.obj
 .comment       0x00000057       0x58 CMakeFiles/TrackCall.dir/home/pi/pico/pico-sdk/src/rp2_common/hardware_irq/irq.c.obj
 .comment       0x00000057       0x58 CMakeFiles/TrackCall.dir/home/pi/pico/pico-sdk/src/common/pico_sync/lock_core.c.obj
 .comment       0x00000057       0x58 CMakeFiles/TrackCall.dir/home/pi/pico/pico-sdk/src/common/pico_time/time.c.obj
 .comment       0x00000057       0x58 CMakeFiles/TrackCall.dir/home/pi/pico/pico-sdk/src/rp2_common/hardware_timer/timer.c.obj
 .comment       0x00000057       0x58 CMakeFiles/TrackCall.dir/home/pi/pico/pico-sdk/src/common/pico_util/pheap.c.obj
 .comment       0x00000057       0x58 CMakeFiles/TrackCall.dir/home/pi/pico/pico-sdk/src/common/pico_sync/mutex.c.obj
 .comment       0x00000057       0x58 CMakeFiles/TrackCall.dir/home/pi/pico/pico-sdk/src/rp2_common/hardware_uart/uart.c.obj
 .comment       0x00000057       0x58 CMakeFiles/TrackCall.dir/home/pi/pico/pico-sdk/src/rp2_common/pico_runtime/runtime.c.obj
 .comment       0x00000057       0x58 CMakeFiles/TrackCall.dir/home/pi/pico/pico-sdk/src/rp2_common/hardware_clocks/clocks.c.obj
 .comment       0x00000057       0x58 CMakeFiles/TrackCall.dir/home/pi/pico/pico-sdk/src/rp2_common/hardware_pll/pll.c.obj
 .comment       0x00000057       0x58 CMakeFiles/TrackCall.dir/home/pi/pico/pico-sdk/src/rp2_common/hardware_watchdog/watchdog.c.obj
 .comment       0x00000057       0x58 CMakeFiles/TrackCall.dir/home/pi/pico/pico-sdk/src/rp2_common/hardware_xosc/xosc.c.obj
 .comment       0x00000057       0x58 CMakeFiles/TrackCall.dir/home/pi/pico/pico-sdk/src/rp2_common/pico_printf/printf.c.obj
 .comment       0x00000057       0x58 CMakeFiles/TrackCall.dir/home/pi/pico/pico-sdk/src/rp2_common/pico_bootrom/bootrom.c.obj
 .comment       0x00000057       0x58 CMakeFiles/TrackCall.dir/home/pi/pico/pico-sdk/src/rp2_common/pico_double/double_init_rom.c.obj
 .comment       0x00000057       0x58 CMakeFiles/TrackCall.dir/home/pi/pico/pico-sdk/src/rp2_common/pico_float/float_init_rom.c.obj
 .comment       0x00000057       0x58 CMakeFiles/TrackCall.dir/home/pi/pico/pico-sdk/src/rp2_common/pico_standard_link/binary_info.c.obj
 .comment       0x00000057       0x58 CMakeFiles/TrackCall.dir/home/pi/pico/pico-sdk/src/rp2_common/pico_stdio/stdio.c.obj
 .comment       0x00000057       0x58 CMakeFiles/TrackCall.dir/home/pi/pico/pico-sdk/src/rp2_common/pico_stdio_uart/stdio_uart.c.obj
 .comment       0x00000057       0x57 /usr/lib/gcc/arm-none-eabi/7.3.1/../../../arm-none-eabi/lib/thumb/v6-m/libg.a(lib_a-strlen-stub.o)
                                 0x58 (size before relaxing)
 .comment       0x000000ae       0x58 /usr/lib/gcc/arm-none-eabi/7.3.1/thumb/v6-m/crtend.o

.debug_info     0x00000000    0x16228
 .debug_info    0x00000000      0x949 CMakeFiles/TrackCall.dir/TrackCall.c.obj
 .debug_info    0x00000949     0x1381 CMakeFiles/TrackCall.dir/home/pi/pico/pico-sdk/src/rp2_common/hardware_gpio/gpio.c.obj
 .debug_info    0x00001cca      0x5d8 CMakeFiles/TrackCall.dir/home/pi/pico/pico-sdk/src/rp2_common/hardware_claim/claim.c.obj
 .debug_info    0x000022a2      0x1c6 CMakeFiles/TrackCall.dir/home/pi/pico/pico-sdk/src/rp2_common/pico_platform/platform.c.obj
 .debug_info    0x00002468      0x508 CMakeFiles/TrackCall.dir/home/pi/pico/pico-sdk/src/rp2_common/hardware_sync/sync.c.obj
 .debug_info    0x00002970     0x1890 CMakeFiles/TrackCall.dir/home/pi/pico/pico-sdk/src/rp2_common/hardware_irq/irq.c.obj
 .debug_info    0x00004200       0x26 CMakeFiles/TrackCall.dir/home/pi/pico/pico-sdk/src/rp2_common/hardware_irq/irq_handler_chain.S.obj
 .debug_info    0x00004226      0x1e8 CMakeFiles/TrackCall.dir/home/pi/pico/pico-sdk/src/common/pico_sync/lock_core.c.obj
 .debug_info    0x0000440e     0x3aa1 CMakeFiles/TrackCall.dir/home/pi/pico/pico-sdk/src/common/pico_time/time.c.obj
 .debug_info    0x00007eaf      0xe63 CMakeFiles/TrackCall.dir/home/pi/pico/pico-sdk/src/rp2_common/hardware_timer/timer.c.obj
 .debug_info    0x00008d12     0x1842 CMakeFiles/TrackCall.dir/home/pi/pico/pico-sdk/src/common/pico_util/pheap.c.obj
 .debug_info    0x0000a554     0x1a8a CMakeFiles/TrackCall.dir/home/pi/pico/pico-sdk/src/common/pico_sync/mutex.c.obj
 .debug_info    0x0000bfde      0xa11 CMakeFiles/TrackCall.dir/home/pi/pico/pico-sdk/src/rp2_common/hardware_uart/uart.c.obj
 .debug_info    0x0000c9ef     0x11ce CMakeFiles/TrackCall.dir/home/pi/pico/pico-sdk/src/rp2_common/pico_runtime/runtime.c.obj
 .debug_info    0x0000dbbd      0xd71 CMakeFiles/TrackCall.dir/home/pi/pico/pico-sdk/src/rp2_common/hardware_clocks/clocks.c.obj
 .debug_info    0x0000e92e      0x493 CMakeFiles/TrackCall.dir/home/pi/pico/pico-sdk/src/rp2_common/hardware_pll/pll.c.obj
 .debug_info    0x0000edc1      0xc5d CMakeFiles/TrackCall.dir/home/pi/pico/pico-sdk/src/rp2_common/hardware_watchdog/watchdog.c.obj
 .debug_info    0x0000fa1e      0x1b2 CMakeFiles/TrackCall.dir/home/pi/pico/pico-sdk/src/rp2_common/hardware_xosc/xosc.c.obj
 .debug_info    0x0000fbd0     0x1d4b CMakeFiles/TrackCall.dir/home/pi/pico/pico-sdk/src/rp2_common/pico_printf/printf.c.obj
 .debug_info    0x0001191b       0x22 CMakeFiles/TrackCall.dir/home/pi/pico/pico-sdk/src/rp2_common/pico_bit_ops/bit_ops_aeabi.S.obj
 .debug_info    0x0001193d      0x23e CMakeFiles/TrackCall.dir/home/pi/pico/pico-sdk/src/rp2_common/pico_bootrom/bootrom.c.obj
 .debug_info    0x00011b7b       0x22 CMakeFiles/TrackCall.dir/home/pi/pico/pico-sdk/src/rp2_common/pico_divider/divider.S.obj
 .debug_info    0x00011b9d       0x22 CMakeFiles/TrackCall.dir/home/pi/pico/pico-sdk/src/rp2_common/pico_double/double_aeabi.S.obj
 .debug_info    0x00011bbf      0xab9 CMakeFiles/TrackCall.dir/home/pi/pico/pico-sdk/src/rp2_common/pico_double/double_init_rom.c.obj
 .debug_info    0x00012678       0x22 CMakeFiles/TrackCall.dir/home/pi/pico/pico-sdk/src/rp2_common/pico_double/double_v1_rom_shim.S.obj
 .debug_info    0x0001269a       0x22 CMakeFiles/TrackCall.dir/home/pi/pico/pico-sdk/src/rp2_common/pico_float/float_aeabi.S.obj
 .debug_info    0x000126bc      0xace CMakeFiles/TrackCall.dir/home/pi/pico/pico-sdk/src/rp2_common/pico_float/float_init_rom.c.obj
 .debug_info    0x0001318a       0x22 CMakeFiles/TrackCall.dir/home/pi/pico/pico-sdk/src/rp2_common/pico_float/float_v1_rom_shim.S.obj
 .debug_info    0x000131ac       0x22 CMakeFiles/TrackCall.dir/home/pi/pico/pico-sdk/src/rp2_common/pico_mem_ops/mem_ops_aeabi.S.obj
 .debug_info    0x000131ce       0x22 CMakeFiles/TrackCall.dir/home/pi/pico/pico-sdk/src/rp2_common/pico_standard_link/crt0.S.obj
 .debug_info    0x000131f0      0x2fa CMakeFiles/TrackCall.dir/home/pi/pico/pico-sdk/src/rp2_common/pico_standard_link/binary_info.c.obj
 .debug_info    0x000134ea     0x18fa CMakeFiles/TrackCall.dir/home/pi/pico/pico-sdk/src/rp2_common/pico_stdio/stdio.c.obj
 .debug_info    0x00014de4      0xb3c CMakeFiles/TrackCall.dir/home/pi/pico/pico-sdk/src/rp2_common/pico_stdio_uart/stdio_uart.c.obj
 .debug_info    0x00015920       0x26 /usr/lib/gcc/arm-none-eabi/7.3.1/thumb/v6-m/libgcc.a(_dvmd_tls.o)
 .debug_info    0x00015946      0x8e2 /usr/lib/gcc/arm-none-eabi/7.3.1/../../../arm-none-eabi/lib/thumb/v6-m/libg.a(lib_a-strlen-stub.o)

.debug_abbrev   0x00000000     0x4349
 .debug_abbrev  0x00000000      0x1dc CMakeFiles/TrackCall.dir/TrackCall.c.obj
 .debug_abbrev  0x000001dc      0x2f7 CMakeFiles/TrackCall.dir/home/pi/pico/pico-sdk/src/rp2_common/hardware_gpio/gpio.c.obj
 .debug_abbrev  0x000004d3      0x265 CMakeFiles/TrackCall.dir/home/pi/pico/pico-sdk/src/rp2_common/hardware_claim/claim.c.obj
 .debug_abbrev  0x00000738       0xde CMakeFiles/TrackCall.dir/home/pi/pico/pico-sdk/src/rp2_common/pico_platform/platform.c.obj
 .debug_abbrev  0x00000816      0x1e8 CMakeFiles/TrackCall.dir/home/pi/pico/pico-sdk/src/rp2_common/hardware_sync/sync.c.obj
 .debug_abbrev  0x000009fe      0x45d CMakeFiles/TrackCall.dir/home/pi/pico/pico-sdk/src/rp2_common/hardware_irq/irq.c.obj
 .debug_abbrev  0x00000e5b       0x14 CMakeFiles/TrackCall.dir/home/pi/pico/pico-sdk/src/rp2_common/hardware_irq/irq_handler_chain.S.obj
 .debug_abbrev  0x00000e6f      0x12d CMakeFiles/TrackCall.dir/home/pi/pico/pico-sdk/src/common/pico_sync/lock_core.c.obj
 .debug_abbrev  0x00000f9c      0x58b CMakeFiles/TrackCall.dir/home/pi/pico/pico-sdk/src/common/pico_time/time.c.obj
 .debug_abbrev  0x00001527      0x320 CMakeFiles/TrackCall.dir/home/pi/pico/pico-sdk/src/rp2_common/hardware_timer/timer.c.obj
 .debug_abbrev  0x00001847      0x376 CMakeFiles/TrackCall.dir/home/pi/pico/pico-sdk/src/common/pico_util/pheap.c.obj
 .debug_abbrev  0x00001bbd      0x325 CMakeFiles/TrackCall.dir/home/pi/pico/pico-sdk/src/common/pico_sync/mutex.c.obj
 .debug_abbrev  0x00001ee2      0x29c CMakeFiles/TrackCall.dir/home/pi/pico/pico-sdk/src/rp2_common/hardware_uart/uart.c.obj
 .debug_abbrev  0x0000217e      0x421 CMakeFiles/TrackCall.dir/home/pi/pico/pico-sdk/src/rp2_common/pico_runtime/runtime.c.obj
 .debug_abbrev  0x0000259f      0x35d CMakeFiles/TrackCall.dir/home/pi/pico/pico-sdk/src/rp2_common/hardware_clocks/clocks.c.obj
 .debug_abbrev  0x000028fc      0x1a0 CMakeFiles/TrackCall.dir/home/pi/pico/pico-sdk/src/rp2_common/hardware_pll/pll.c.obj
 .debug_abbrev  0x00002a9c      0x288 CMakeFiles/TrackCall.dir/home/pi/pico/pico-sdk/src/rp2_common/hardware_watchdog/watchdog.c.obj
 .debug_abbrev  0x00002d24       0xec CMakeFiles/TrackCall.dir/home/pi/pico/pico-sdk/src/rp2_common/hardware_xosc/xosc.c.obj
 .debug_abbrev  0x00002e10      0x402 CMakeFiles/TrackCall.dir/home/pi/pico/pico-sdk/src/rp2_common/pico_printf/printf.c.obj
 .debug_abbrev  0x00003212       0x12 CMakeFiles/TrackCall.dir/home/pi/pico/pico-sdk/src/rp2_common/pico_bit_ops/bit_ops_aeabi.S.obj
 .debug_abbrev  0x00003224      0x11e CMakeFiles/TrackCall.dir/home/pi/pico/pico-sdk/src/rp2_common/pico_bootrom/bootrom.c.obj
 .debug_abbrev  0x00003342       0x12 CMakeFiles/TrackCall.dir/home/pi/pico/pico-sdk/src/rp2_common/pico_divider/divider.S.obj
 .debug_abbrev  0x00003354       0x12 CMakeFiles/TrackCall.dir/home/pi/pico/pico-sdk/src/rp2_common/pico_double/double_aeabi.S.obj
 .debug_abbrev  0x00003366      0x278 CMakeFiles/TrackCall.dir/home/pi/pico/pico-sdk/src/rp2_common/pico_double/double_init_rom.c.obj
 .debug_abbrev  0x000035de       0x12 CMakeFiles/TrackCall.dir/home/pi/pico/pico-sdk/src/rp2_common/pico_double/double_v1_rom_shim.S.obj
 .debug_abbrev  0x000035f0       0x12 CMakeFiles/TrackCall.dir/home/pi/pico/pico-sdk/src/rp2_common/pico_float/float_aeabi.S.obj
 .debug_abbrev  0x00003602      0x292 CMakeFiles/TrackCall.dir/home/pi/pico/pico-sdk/src/rp2_common/pico_float/float_init_rom.c.obj
 .debug_abbrev  0x00003894       0x12 CMakeFiles/TrackCall.dir/home/pi/pico/pico-sdk/src/rp2_common/pico_float/float_v1_rom_shim.S.obj
 .debug_abbrev  0x000038a6       0x12 CMakeFiles/TrackCall.dir/home/pi/pico/pico-sdk/src/rp2_common/pico_mem_ops/mem_ops_aeabi.S.obj
 .debug_abbrev  0x000038b8       0x12 CMakeFiles/TrackCall.dir/home/pi/pico/pico-sdk/src/rp2_common/pico_standard_link/crt0.S.obj
 .debug_abbrev  0x000038ca       0x9f CMakeFiles/TrackCall.dir/home/pi/pico/pico-sdk/src/rp2_common/pico_standard_link/binary_info.c.obj
 .debug_abbrev  0x00003969      0x4b8 CMakeFiles/TrackCall.dir/home/pi/pico/pico-sdk/src/rp2_common/pico_stdio/stdio.c.obj
 .debug_abbrev  0x00003e21      0x35c CMakeFiles/TrackCall.dir/home/pi/pico/pico-sdk/src/rp2_common/pico_stdio_uart/stdio_uart.c.obj
 .debug_abbrev  0x0000417d       0x14 /usr/lib/gcc/arm-none-eabi/7.3.1/thumb/v6-m/libgcc.a(_dvmd_tls.o)
 .debug_abbrev  0x00004191      0x1b8 /usr/lib/gcc/arm-none-eabi/7.3.1/../../../arm-none-eabi/lib/thumb/v6-m/libg.a(lib_a-strlen-stub.o)

.debug_aranges  0x00000000      0xdf8
 .debug_aranges
                0x00000000       0x20 CMakeFiles/TrackCall.dir/TrackCall.c.obj
 .debug_aranges
                0x00000020      0x100 CMakeFiles/TrackCall.dir/home/pi/pico/pico-sdk/src/rp2_common/hardware_gpio/gpio.c.obj
 .debug_aranges
                0x00000120       0x48 CMakeFiles/TrackCall.dir/home/pi/pico/pico-sdk/src/rp2_common/hardware_claim/claim.c.obj
 .debug_aranges
                0x00000168       0x28 CMakeFiles/TrackCall.dir/home/pi/pico/pico-sdk/src/rp2_common/pico_platform/platform.c.obj
 .debug_aranges
                0x00000190       0x58 CMakeFiles/TrackCall.dir/home/pi/pico/pico-sdk/src/rp2_common/hardware_sync/sync.c.obj
 .debug_aranges
                0x000001e8       0xc8 CMakeFiles/TrackCall.dir/home/pi/pico/pico-sdk/src/rp2_common/hardware_irq/irq.c.obj
 .debug_aranges
                0x000002b0       0x20 CMakeFiles/TrackCall.dir/home/pi/pico/pico-sdk/src/rp2_common/hardware_irq/irq_handler_chain.S.obj
 .debug_aranges
                0x000002d0       0x20 CMakeFiles/TrackCall.dir/home/pi/pico/pico-sdk/src/common/pico_sync/lock_core.c.obj
 .debug_aranges
                0x000002f0       0xd0 CMakeFiles/TrackCall.dir/home/pi/pico/pico-sdk/src/common/pico_time/time.c.obj
 .debug_aranges
                0x000003c0       0x78 CMakeFiles/TrackCall.dir/home/pi/pico/pico-sdk/src/rp2_common/hardware_timer/timer.c.obj
 .debug_aranges
                0x00000438       0x78 CMakeFiles/TrackCall.dir/home/pi/pico/pico-sdk/src/common/pico_util/pheap.c.obj
 .debug_aranges
                0x000004b0       0x88 CMakeFiles/TrackCall.dir/home/pi/pico/pico-sdk/src/common/pico_sync/mutex.c.obj
 .debug_aranges
                0x00000538       0x40 CMakeFiles/TrackCall.dir/home/pi/pico/pico-sdk/src/rp2_common/hardware_uart/uart.c.obj
 .debug_aranges
                0x00000578       0x60 CMakeFiles/TrackCall.dir/home/pi/pico/pico-sdk/src/rp2_common/pico_runtime/runtime.c.obj
 .debug_aranges
                0x000005d8       0x70 CMakeFiles/TrackCall.dir/home/pi/pico/pico-sdk/src/rp2_common/hardware_clocks/clocks.c.obj
 .debug_aranges
                0x00000648       0x28 CMakeFiles/TrackCall.dir/home/pi/pico/pico-sdk/src/rp2_common/hardware_pll/pll.c.obj
 .debug_aranges
                0x00000670       0x58 CMakeFiles/TrackCall.dir/home/pi/pico/pico-sdk/src/rp2_common/hardware_watchdog/watchdog.c.obj
 .debug_aranges
                0x000006c8       0x30 CMakeFiles/TrackCall.dir/home/pi/pico/pico-sdk/src/rp2_common/hardware_xosc/xosc.c.obj
 .debug_aranges
                0x000006f8       0x90 CMakeFiles/TrackCall.dir/home/pi/pico/pico-sdk/src/rp2_common/pico_printf/printf.c.obj
 .debug_aranges
                0x00000788       0x68 CMakeFiles/TrackCall.dir/home/pi/pico/pico-sdk/src/rp2_common/pico_bit_ops/bit_ops_aeabi.S.obj
 .debug_aranges
                0x000007f0       0x30 CMakeFiles/TrackCall.dir/home/pi/pico/pico-sdk/src/rp2_common/pico_bootrom/bootrom.c.obj
 .debug_aranges
                0x00000820       0x40 CMakeFiles/TrackCall.dir/home/pi/pico/pico-sdk/src/rp2_common/pico_divider/divider.S.obj
 .debug_aranges
                0x00000860      0x140 CMakeFiles/TrackCall.dir/home/pi/pico/pico-sdk/src/rp2_common/pico_double/double_aeabi.S.obj
 .debug_aranges
                0x000009a0       0x20 CMakeFiles/TrackCall.dir/home/pi/pico/pico-sdk/src/rp2_common/pico_double/double_init_rom.c.obj
 .debug_aranges
                0x000009c0       0xc8 CMakeFiles/TrackCall.dir/home/pi/pico/pico-sdk/src/rp2_common/pico_double/double_v1_rom_shim.S.obj
 .debug_aranges
                0x00000a88      0x130 CMakeFiles/TrackCall.dir/home/pi/pico/pico-sdk/src/rp2_common/pico_float/float_aeabi.S.obj
 .debug_aranges
                0x00000bb8       0x20 CMakeFiles/TrackCall.dir/home/pi/pico/pico-sdk/src/rp2_common/pico_float/float_init_rom.c.obj
 .debug_aranges
                0x00000bd8       0x50 CMakeFiles/TrackCall.dir/home/pi/pico/pico-sdk/src/rp2_common/pico_float/float_v1_rom_shim.S.obj
 .debug_aranges
                0x00000c28       0x38 CMakeFiles/TrackCall.dir/home/pi/pico/pico-sdk/src/rp2_common/pico_mem_ops/mem_ops_aeabi.S.obj
 .debug_aranges
                0x00000c60       0x28 CMakeFiles/TrackCall.dir/home/pi/pico/pico-sdk/src/rp2_common/pico_standard_link/crt0.S.obj
 .debug_aranges
                0x00000c88       0x18 CMakeFiles/TrackCall.dir/home/pi/pico/pico-sdk/src/rp2_common/pico_standard_link/binary_info.c.obj
 .debug_aranges
                0x00000ca0       0xd0 CMakeFiles/TrackCall.dir/home/pi/pico/pico-sdk/src/rp2_common/pico_stdio/stdio.c.obj
 .debug_aranges
                0x00000d70       0x48 CMakeFiles/TrackCall.dir/home/pi/pico/pico-sdk/src/rp2_common/pico_stdio_uart/stdio_uart.c.obj
 .debug_aranges
                0x00000db8       0x20 /usr/lib/gcc/arm-none-eabi/7.3.1/thumb/v6-m/libgcc.a(_dvmd_tls.o)
 .debug_aranges
                0x00000dd8       0x20 /usr/lib/gcc/arm-none-eabi/7.3.1/../../../arm-none-eabi/lib/thumb/v6-m/libg.a(lib_a-strlen-stub.o)

.debug_ranges   0x00000000     0x1980
 .debug_ranges  0x00000000       0x10 CMakeFiles/TrackCall.dir/TrackCall.c.obj
 .debug_ranges  0x00000010      0x150 CMakeFiles/TrackCall.dir/home/pi/pico/pico-sdk/src/rp2_common/hardware_gpio/gpio.c.obj
 .debug_ranges  0x00000160       0x38 CMakeFiles/TrackCall.dir/home/pi/pico/pico-sdk/src/rp2_common/hardware_claim/claim.c.obj
 .debug_ranges  0x00000198       0x18 CMakeFiles/TrackCall.dir/home/pi/pico/pico-sdk/src/rp2_common/pico_platform/platform.c.obj
 .debug_ranges  0x000001b0       0x48 CMakeFiles/TrackCall.dir/home/pi/pico/pico-sdk/src/rp2_common/hardware_sync/sync.c.obj
 .debug_ranges  0x000001f8      0x190 CMakeFiles/TrackCall.dir/home/pi/pico/pico-sdk/src/rp2_common/hardware_irq/irq.c.obj
 .debug_ranges  0x00000388       0x10 CMakeFiles/TrackCall.dir/home/pi/pico/pico-sdk/src/common/pico_sync/lock_core.c.obj
 .debug_ranges  0x00000398      0x648 CMakeFiles/TrackCall.dir/home/pi/pico/pico-sdk/src/common/pico_time/time.c.obj
 .debug_ranges  0x000009e0       0x98 CMakeFiles/TrackCall.dir/home/pi/pico/pico-sdk/src/rp2_common/hardware_timer/timer.c.obj
 .debug_ranges  0x00000a78      0x248 CMakeFiles/TrackCall.dir/home/pi/pico/pico-sdk/src/common/pico_util/pheap.c.obj
 .debug_ranges  0x00000cc0      0x2d8 CMakeFiles/TrackCall.dir/home/pi/pico/pico-sdk/src/common/pico_sync/mutex.c.obj
 .debug_ranges  0x00000f98       0x60 CMakeFiles/TrackCall.dir/home/pi/pico/pico-sdk/src/rp2_common/hardware_uart/uart.c.obj
 .debug_ranges  0x00000ff8       0x68 CMakeFiles/TrackCall.dir/home/pi/pico/pico-sdk/src/rp2_common/pico_runtime/runtime.c.obj
 .debug_ranges  0x00001060       0x60 CMakeFiles/TrackCall.dir/home/pi/pico/pico-sdk/src/rp2_common/hardware_clocks/clocks.c.obj
 .debug_ranges  0x000010c0       0x18 CMakeFiles/TrackCall.dir/home/pi/pico/pico-sdk/src/rp2_common/hardware_pll/pll.c.obj
 .debug_ranges  0x000010d8       0x48 CMakeFiles/TrackCall.dir/home/pi/pico/pico-sdk/src/rp2_common/hardware_watchdog/watchdog.c.obj
 .debug_ranges  0x00001120       0x20 CMakeFiles/TrackCall.dir/home/pi/pico/pico-sdk/src/rp2_common/hardware_xosc/xosc.c.obj
 .debug_ranges  0x00001140      0x110 CMakeFiles/TrackCall.dir/home/pi/pico/pico-sdk/src/rp2_common/pico_printf/printf.c.obj
 .debug_ranges  0x00001250       0x60 CMakeFiles/TrackCall.dir/home/pi/pico/pico-sdk/src/rp2_common/pico_bit_ops/bit_ops_aeabi.S.obj
 .debug_ranges  0x000012b0       0x38 CMakeFiles/TrackCall.dir/home/pi/pico/pico-sdk/src/rp2_common/pico_bootrom/bootrom.c.obj
 .debug_ranges  0x000012e8       0x38 CMakeFiles/TrackCall.dir/home/pi/pico/pico-sdk/src/rp2_common/pico_divider/divider.S.obj
 .debug_ranges  0x00001320      0x138 CMakeFiles/TrackCall.dir/home/pi/pico/pico-sdk/src/rp2_common/pico_double/double_aeabi.S.obj
 .debug_ranges  0x00001458       0x10 CMakeFiles/TrackCall.dir/home/pi/pico/pico-sdk/src/rp2_common/pico_double/double_init_rom.c.obj
 .debug_ranges  0x00001468       0xc0 CMakeFiles/TrackCall.dir/home/pi/pico/pico-sdk/src/rp2_common/pico_double/double_v1_rom_shim.S.obj
 .debug_ranges  0x00001528      0x128 CMakeFiles/TrackCall.dir/home/pi/pico/pico-sdk/src/rp2_common/pico_float/float_aeabi.S.obj
 .debug_ranges  0x00001650       0x28 CMakeFiles/TrackCall.dir/home/pi/pico/pico-sdk/src/rp2_common/pico_float/float_init_rom.c.obj
 .debug_ranges  0x00001678       0x48 CMakeFiles/TrackCall.dir/home/pi/pico/pico-sdk/src/rp2_common/pico_float/float_v1_rom_shim.S.obj
 .debug_ranges  0x000016c0       0x30 CMakeFiles/TrackCall.dir/home/pi/pico/pico-sdk/src/rp2_common/pico_mem_ops/mem_ops_aeabi.S.obj
 .debug_ranges  0x000016f0       0x20 CMakeFiles/TrackCall.dir/home/pi/pico/pico-sdk/src/rp2_common/pico_standard_link/crt0.S.obj
 .debug_ranges  0x00001710      0x198 CMakeFiles/TrackCall.dir/home/pi/pico/pico-sdk/src/rp2_common/pico_stdio/stdio.c.obj
 .debug_ranges  0x000018a8       0xd8 CMakeFiles/TrackCall.dir/home/pi/pico/pico-sdk/src/rp2_common/pico_stdio_uart/stdio_uart.c.obj

.debug_line     0x00000000     0x7c87
 .debug_line    0x00000000      0x24a CMakeFiles/TrackCall.dir/TrackCall.c.obj
 .debug_line    0x0000024a      0x66d CMakeFiles/TrackCall.dir/home/pi/pico/pico-sdk/src/rp2_common/hardware_gpio/gpio.c.obj
 .debug_line    0x000008b7      0x268 CMakeFiles/TrackCall.dir/home/pi/pico/pico-sdk/src/rp2_common/hardware_claim/claim.c.obj
 .debug_line    0x00000b1f      0x1a2 CMakeFiles/TrackCall.dir/home/pi/pico/pico-sdk/src/rp2_common/pico_platform/platform.c.obj
 .debug_line    0x00000cc1      0x298 CMakeFiles/TrackCall.dir/home/pi/pico/pico-sdk/src/rp2_common/hardware_sync/sync.c.obj
 .debug_line    0x00000f59      0x73c CMakeFiles/TrackCall.dir/home/pi/pico/pico-sdk/src/rp2_common/hardware_irq/irq.c.obj
 .debug_line    0x00001695       0x80 CMakeFiles/TrackCall.dir/home/pi/pico/pico-sdk/src/rp2_common/hardware_irq/irq_handler_chain.S.obj
 .debug_line    0x00001715      0x1e5 CMakeFiles/TrackCall.dir/home/pi/pico/pico-sdk/src/common/pico_sync/lock_core.c.obj
 .debug_line    0x000018fa      0xa60 CMakeFiles/TrackCall.dir/home/pi/pico/pico-sdk/src/common/pico_time/time.c.obj
 .debug_line    0x0000235a      0x533 CMakeFiles/TrackCall.dir/home/pi/pico/pico-sdk/src/rp2_common/hardware_timer/timer.c.obj
 .debug_line    0x0000288d      0x3e8 CMakeFiles/TrackCall.dir/home/pi/pico/pico-sdk/src/common/pico_util/pheap.c.obj
 .debug_line    0x00002c75      0x630 CMakeFiles/TrackCall.dir/home/pi/pico/pico-sdk/src/common/pico_sync/mutex.c.obj
 .debug_line    0x000032a5      0x44e CMakeFiles/TrackCall.dir/home/pi/pico/pico-sdk/src/rp2_common/hardware_uart/uart.c.obj
 .debug_line    0x000036f3      0x5d2 CMakeFiles/TrackCall.dir/home/pi/pico/pico-sdk/src/rp2_common/pico_runtime/runtime.c.obj
 .debug_line    0x00003cc5      0x5c2 CMakeFiles/TrackCall.dir/home/pi/pico/pico-sdk/src/rp2_common/hardware_clocks/clocks.c.obj
 .debug_line    0x00004287      0x361 CMakeFiles/TrackCall.dir/home/pi/pico/pico-sdk/src/rp2_common/hardware_pll/pll.c.obj
 .debug_line    0x000045e8      0x2b1 CMakeFiles/TrackCall.dir/home/pi/pico/pico-sdk/src/rp2_common/hardware_watchdog/watchdog.c.obj
 .debug_line    0x00004899      0x1b0 CMakeFiles/TrackCall.dir/home/pi/pico/pico-sdk/src/rp2_common/hardware_xosc/xosc.c.obj
 .debug_line    0x00004a49      0x60f CMakeFiles/TrackCall.dir/home/pi/pico/pico-sdk/src/rp2_common/pico_printf/printf.c.obj
 .debug_line    0x00005058      0x143 CMakeFiles/TrackCall.dir/home/pi/pico/pico-sdk/src/rp2_common/pico_bit_ops/bit_ops_aeabi.S.obj
 .debug_line    0x0000519b      0x150 CMakeFiles/TrackCall.dir/home/pi/pico/pico-sdk/src/rp2_common/pico_bootrom/bootrom.c.obj
 .debug_line    0x000052eb      0x2cc CMakeFiles/TrackCall.dir/home/pi/pico/pico-sdk/src/rp2_common/pico_divider/divider.S.obj
 .debug_line    0x000055b7      0x421 CMakeFiles/TrackCall.dir/home/pi/pico/pico-sdk/src/rp2_common/pico_double/double_aeabi.S.obj
 .debug_line    0x000059d8      0x270 CMakeFiles/TrackCall.dir/home/pi/pico/pico-sdk/src/rp2_common/pico_double/double_init_rom.c.obj
 .debug_line    0x00005c48      0x699 CMakeFiles/TrackCall.dir/home/pi/pico/pico-sdk/src/rp2_common/pico_double/double_v1_rom_shim.S.obj
 .debug_line    0x000062e1      0x3d7 CMakeFiles/TrackCall.dir/home/pi/pico/pico-sdk/src/rp2_common/pico_float/float_aeabi.S.obj
 .debug_line    0x000066b8      0x275 CMakeFiles/TrackCall.dir/home/pi/pico/pico-sdk/src/rp2_common/pico_float/float_init_rom.c.obj
 .debug_line    0x0000692d      0x1c3 CMakeFiles/TrackCall.dir/home/pi/pico/pico-sdk/src/rp2_common/pico_float/float_v1_rom_shim.S.obj
 .debug_line    0x00006af0       0xbd CMakeFiles/TrackCall.dir/home/pi/pico/pico-sdk/src/rp2_common/pico_mem_ops/mem_ops_aeabi.S.obj
 .debug_line    0x00006bad       0xce CMakeFiles/TrackCall.dir/home/pi/pico/pico-sdk/src/rp2_common/pico_standard_link/crt0.S.obj
 .debug_line    0x00006c7b      0x15b CMakeFiles/TrackCall.dir/home/pi/pico/pico-sdk/src/rp2_common/pico_standard_link/binary_info.c.obj
 .debug_line    0x00006dd6      0x7da CMakeFiles/TrackCall.dir/home/pi/pico/pico-sdk/src/rp2_common/pico_stdio/stdio.c.obj
 .debug_line    0x000075b0      0x534 CMakeFiles/TrackCall.dir/home/pi/pico/pico-sdk/src/rp2_common/pico_stdio_uart/stdio_uart.c.obj
 .debug_line    0x00007ae4       0x5d /usr/lib/gcc/arm-none-eabi/7.3.1/thumb/v6-m/libgcc.a(_dvmd_tls.o)
 .debug_line    0x00007b41      0x146 /usr/lib/gcc/arm-none-eabi/7.3.1/../../../arm-none-eabi/lib/thumb/v6-m/libg.a(lib_a-strlen-stub.o)

.debug_str      0x00000000     0x3790
 .debug_str     0x00000000      0x586 CMakeFiles/TrackCall.dir/TrackCall.c.obj
                                0x600 (size before relaxing)
 .debug_str     0x00000586      0x7c7 CMakeFiles/TrackCall.dir/home/pi/pico/pico-sdk/src/rp2_common/hardware_gpio/gpio.c.obj
                                0x9a5 (size before relaxing)
 .debug_str     0x00000d4d      0x1b8 CMakeFiles/TrackCall.dir/home/pi/pico/pico-sdk/src/rp2_common/hardware_claim/claim.c.obj
                                0x371 (size before relaxing)
 .debug_str     0x00000f05       0x7d CMakeFiles/TrackCall.dir/home/pi/pico/pico-sdk/src/rp2_common/pico_platform/platform.c.obj
                                0x22d (size before relaxing)
 .debug_str     0x00000f82       0xe8 CMakeFiles/TrackCall.dir/home/pi/pico/pico-sdk/src/rp2_common/hardware_sync/sync.c.obj
                                0x358 (size before relaxing)
 .debug_str     0x0000106a      0x3c6 CMakeFiles/TrackCall.dir/home/pi/pico/pico-sdk/src/rp2_common/hardware_irq/irq.c.obj
                                0x814 (size before relaxing)
 .debug_str     0x00001430       0x55 CMakeFiles/TrackCall.dir/home/pi/pico/pico-sdk/src/rp2_common/hardware_irq/irq_handler_chain.S.obj
                                 0x7c (size before relaxing)
 .debug_str     0x00001485       0x58 CMakeFiles/TrackCall.dir/home/pi/pico/pico-sdk/src/common/pico_sync/lock_core.c.obj
                                0x265 (size before relaxing)
 .debug_str     0x000014dd      0x6fc CMakeFiles/TrackCall.dir/home/pi/pico/pico-sdk/src/common/pico_time/time.c.obj
                                0xf7f (size before relaxing)
 .debug_str     0x00001bd9      0x14c CMakeFiles/TrackCall.dir/home/pi/pico/pico-sdk/src/rp2_common/hardware_timer/timer.c.obj
                                0x699 (size before relaxing)
 .debug_str     0x00001d25       0xe2 CMakeFiles/TrackCall.dir/home/pi/pico/pico-sdk/src/common/pico_util/pheap.c.obj
                                0x7e0 (size before relaxing)
 .debug_str     0x00001e07      0x161 CMakeFiles/TrackCall.dir/home/pi/pico/pico-sdk/src/common/pico_sync/mutex.c.obj
                                0x5e1 (size before relaxing)
 .debug_str     0x00001f68      0x27b CMakeFiles/TrackCall.dir/home/pi/pico/pico-sdk/src/rp2_common/hardware_uart/uart.c.obj
                                0x537 (size before relaxing)